Archive member included to satisfy reference by file (symbol)

/usr/lib/gcc/arm-none-eabi/9.2.1/../../../arm-none-eabi/lib/thumb/v6-m/nofp/libc.a(lib_a-atexit.o)
                              /usr/lib/gcc/arm-none-eabi/9.2.1/../../../arm-none-eabi/lib/thumb/v6-m/nofp/rdimon-crt0.o (atexit)
/usr/lib/gcc/arm-none-eabi/9.2.1/../../../arm-none-eabi/lib/thumb/v6-m/nofp/libc.a(lib_a-exit.o)
                              /usr/lib/gcc/arm-none-eabi/9.2.1/../../../arm-none-eabi/lib/thumb/v6-m/nofp/rdimon-crt0.o (exit)
/usr/lib/gcc/arm-none-eabi/9.2.1/../../../arm-none-eabi/lib/thumb/v6-m/nofp/libc.a(lib_a-fini.o)
                              /usr/lib/gcc/arm-none-eabi/9.2.1/../../../arm-none-eabi/lib/thumb/v6-m/nofp/rdimon-crt0.o (__libc_fini_array)
/usr/lib/gcc/arm-none-eabi/9.2.1/../../../arm-none-eabi/lib/thumb/v6-m/nofp/libc.a(lib_a-impure.o)
                              /usr/lib/gcc/arm-none-eabi/9.2.1/../../../arm-none-eabi/lib/thumb/v6-m/nofp/libc.a(lib_a-exit.o) (_global_impure_ptr)
/usr/lib/gcc/arm-none-eabi/9.2.1/../../../arm-none-eabi/lib/thumb/v6-m/nofp/libc.a(lib_a-init.o)
                              /usr/lib/gcc/arm-none-eabi/9.2.1/../../../arm-none-eabi/lib/thumb/v6-m/nofp/rdimon-crt0.o (__libc_init_array)
/usr/lib/gcc/arm-none-eabi/9.2.1/../../../arm-none-eabi/lib/thumb/v6-m/nofp/libc.a(lib_a-memset.o)
                              /usr/lib/gcc/arm-none-eabi/9.2.1/../../../arm-none-eabi/lib/thumb/v6-m/nofp/rdimon-crt0.o (memset)
/usr/lib/gcc/arm-none-eabi/9.2.1/../../../arm-none-eabi/lib/thumb/v6-m/nofp/libc.a(lib_a-__atexit.o)
                              /usr/lib/gcc/arm-none-eabi/9.2.1/../../../arm-none-eabi/lib/thumb/v6-m/nofp/libc.a(lib_a-atexit.o) (__register_exitproc)
/usr/lib/gcc/arm-none-eabi/9.2.1/../../../arm-none-eabi/lib/thumb/v6-m/nofp/libc.a(lib_a-__call_atexit.o)
                              /usr/lib/gcc/arm-none-eabi/9.2.1/../../../arm-none-eabi/lib/thumb/v6-m/nofp/libc.a(lib_a-exit.o) (__call_exitprocs)
/usr/lib/gcc/arm-none-eabi/9.2.1/../../../arm-none-eabi/lib/thumb/v6-m/nofp/librdimon.a(rdimon-syscalls.o)
                              /usr/lib/gcc/arm-none-eabi/9.2.1/../../../arm-none-eabi/lib/thumb/v6-m/nofp/rdimon-crt0.o (initialise_monitor_handles)
/usr/lib/gcc/arm-none-eabi/9.2.1/../../../arm-none-eabi/lib/thumb/v6-m/nofp/librdimon.a(rdimon-_exit.o)
                              /usr/lib/gcc/arm-none-eabi/9.2.1/../../../arm-none-eabi/lib/thumb/v6-m/nofp/libc.a(lib_a-exit.o) (_exit)
/usr/lib/gcc/arm-none-eabi/9.2.1/../../../arm-none-eabi/lib/thumb/v6-m/nofp/librdimon.a(rdimon-_kill.o)
                              /usr/lib/gcc/arm-none-eabi/9.2.1/../../../arm-none-eabi/lib/thumb/v6-m/nofp/librdimon.a(rdimon-_exit.o) (_kill_shared)
/usr/lib/gcc/arm-none-eabi/9.2.1/thumb/v6-m/nofp/libgcc.a(_thumb1_case_uqi.o)
                              obj/stm32l0xx_hal_uart.o (__gnu_thumb1_case_uqi)
/usr/lib/gcc/arm-none-eabi/9.2.1/thumb/v6-m/nofp/libgcc.a(_thumb1_case_shi.o)
                              obj/stm32l0xx_hal_uart.o (__gnu_thumb1_case_shi)
/usr/lib/gcc/arm-none-eabi/9.2.1/thumb/v6-m/nofp/libgcc.a(_thumb1_case_uhi.o)
                              obj/LoRaMac.o (__gnu_thumb1_case_uhi)
/usr/lib/gcc/arm-none-eabi/9.2.1/thumb/v6-m/nofp/libgcc.a(_udivsi3.o)
                              obj/main.o (__aeabi_uidiv)
/usr/lib/gcc/arm-none-eabi/9.2.1/thumb/v6-m/nofp/libgcc.a(_divsi3.o)
                              obj/main.o (__aeabi_idiv)
/usr/lib/gcc/arm-none-eabi/9.2.1/thumb/v6-m/nofp/libgcc.a(_dvmd_tls.o)
                              /usr/lib/gcc/arm-none-eabi/9.2.1/thumb/v6-m/nofp/libgcc.a(_udivsi3.o) (__aeabi_idiv0)
/usr/lib/gcc/arm-none-eabi/9.2.1/thumb/v6-m/nofp/libgcc.a(_arm_cmpdf2.o)
                              obj/sx1276.o (__aeabi_dcmpgt)
/usr/lib/gcc/arm-none-eabi/9.2.1/thumb/v6-m/nofp/libgcc.a(_arm_cmpsf2.o)
                              obj/main.o (__aeabi_fcmplt)
/usr/lib/gcc/arm-none-eabi/9.2.1/thumb/v6-m/nofp/libgcc.a(_aeabi_ldivmod.o)
                              obj/hw_rtc.o (__aeabi_ldivmod)
/usr/lib/gcc/arm-none-eabi/9.2.1/thumb/v6-m/nofp/libgcc.a(_aeabi_uldivmod.o)
                              obj/hw_rtc.o (__aeabi_uldivmod)
/usr/lib/gcc/arm-none-eabi/9.2.1/thumb/v6-m/nofp/libgcc.a(_muldi3.o)
                              obj/LSM6DS3_ACC_GYRO_driver.o (__aeabi_lmul)
/usr/lib/gcc/arm-none-eabi/9.2.1/thumb/v6-m/nofp/libgcc.a(_fixunssfsi.o)
                              obj/main.o (__aeabi_f2uiz)
/usr/lib/gcc/arm-none-eabi/9.2.1/thumb/v6-m/nofp/libgcc.a(_fixunsdfsi.o)
                              obj/RegionCommon.o (__aeabi_d2uiz)
/usr/lib/gcc/arm-none-eabi/9.2.1/thumb/v6-m/nofp/libgcc.a(_udivmoddi4.o)
                              /usr/lib/gcc/arm-none-eabi/9.2.1/thumb/v6-m/nofp/libgcc.a(_aeabi_uldivmod.o) (__udivmoddi4)
/usr/lib/gcc/arm-none-eabi/9.2.1/thumb/v6-m/nofp/libgcc.a(bpabi.o)
                              /usr/lib/gcc/arm-none-eabi/9.2.1/thumb/v6-m/nofp/libgcc.a(_aeabi_ldivmod.o) (__gnu_ldivmod_helper)
[...]
Memory Configuration

Name             Origin             Length             Attributes
RAM              0x0000000020000000 0x0000000000005000 xrw
FLASH            0x0000000008000000 0x0000000000030000 xr
*default*        0x0000000000000000 0xffffffffffffffff

Linker script and memory map

LOAD /usr/lib/gcc/arm-none-eabi/9.2.1/thumb/v6-m/nofp/crti.o
LOAD /usr/lib/gcc/arm-none-eabi/9.2.1/thumb/v6-m/nofp/crtbegin.o
LOAD /usr/lib/gcc/arm-none-eabi/9.2.1/../../../arm-none-eabi/lib/thumb/v6-m/nofp/rdimon-crt0.o
LOAD /usr/lib/gcc/arm-none-eabi/9.2.1/../../../arm-none-eabi/lib/thumb/v6-m/nofp/libc.a
LOAD /usr/lib/gcc/arm-none-eabi/9.2.1/../../../arm-none-eabi/lib/thumb/v6-m/nofp/librdimon.a
LOAD /tmp/ccVtTR9q.o
LOAD obj/main.o
LOAD obj/bsp.o
LOAD obj/debug.o
LOAD obj/hw_gpio.o
LOAD obj/hw_rtc.o
LOAD obj/hw_spi.o
LOAD obj/vcom.o
LOAD obj/mlm32l0xx_hal_msp.o
LOAD obj/mlm32l0xx_it.o
LOAD obj/mlm32l0xx_hw.o
LOAD obj/stm32l0xx_hal_spi.o
LOAD obj/stm32l0xx_hal_uart.o
LOAD obj/stm32l0xx_hal_uart_ex.o
LOAD obj/stm32l0xx_hal_adc.o
LOAD obj/stm32l0xx_hal_adc_ex.o
LOAD obj/stm32l0xx_hal_rcc.o
LOAD obj/stm32l0xx_hal_rcc_ex.o
LOAD obj/stm32l0xx_hal.o
LOAD obj/stm32l0xx_hal_cortex.o
LOAD obj/stm32l0xx_hal_gpio.o
LOAD obj/stm32l0xx_hal_dma.o
LOAD obj/stm32l0xx_hal_pwr.o
LOAD obj/stm32l0xx_hal_pwr_ex.o
LOAD obj/stm32l0xx_hal_rtc.o
LOAD obj/stm32l0xx_hal_rtc_ex.o
LOAD obj/stm32l0xx_hal_tim.o
LOAD obj/stm32l0xx_hal_tim_ex.o
LOAD obj/stm32l0xx_hal_i2c.o
LOAD obj/stm32l0xx_hal_i2c_ex.o
LOAD obj/stm32l0xx_hal_comp.o
LOAD obj/stm32l0xx_hal_comp_ex.o
LOAD obj/stm32l0xx_hal_crc.o
LOAD obj/stm32l0xx_hal_crc_ex.o
LOAD obj/stm32l0xx_hal_cryp.o
LOAD obj/stm32l0xx_hal_cryp_ex.o
LOAD obj/stm32l0xx_hal_dac.o
LOAD obj/stm32l0xx_hal_dac_ex.o
LOAD obj/stm32l0xx_hal_firewall.o
LOAD obj/stm32l0xx_hal_flash.o
LOAD obj/stm32l0xx_hal_flash_ex.o
LOAD obj/stm32l0xx_hal_flash_ramfunc.o
LOAD obj/stm32l0xx_hal_i2s.o
LOAD obj/stm32l0xx_hal_irda.o
LOAD obj/stm32l0xx_hal_iwdg.o
LOAD obj/stm32l0xx_hal_lptim.o
LOAD obj/stm32l0xx_hal_rng.o
LOAD obj/stm32l0xx_hal_usart.o
LOAD obj/lora.o
LOAD obj/lora-test.o
LOAD obj/NvmCtxMgmt.o
LOAD obj/LmHandler.o
LOAD obj/FragDecoder.o
LOAD obj/LmhpClockSync.o
LOAD obj/LmhpCompliance.o
LOAD obj/LmhpFragmentation.o
LOAD obj/LmhpRemoteMcastSetup.o
LOAD obj/LoRaMac.o
LOAD obj/LoRaMacCrypto.o
LOAD obj/LoRaMacAdr.o
LOAD obj/LoRaMacClassB.o
LOAD obj/LoRaMacCommands.o
LOAD obj/LoRaMacConfirmQueue.o
LOAD obj/LoRaMacParser.o
LOAD obj/LoRaMacSerializer.o
LOAD obj/Region.o
LOAD obj/RegionCommon.o
LOAD obj/RegionAU915.o
LOAD obj/hw_gpio_template.o
LOAD obj/hw_rtc_template.o
LOAD obj/hw_spi_template.o
LOAD obj/aes.o
LOAD obj/cmac.o
LOAD obj/soft-se.o
LOAD obj/low_power_manager.o
LOAD obj/queue.o
LOAD obj/systime.o
LOAD obj/timeServer.o
LOAD obj/trace.o
LOAD obj/utilities.o
LOAD obj/HTS221_Driver.o
LOAD obj/HTS221_Driver_HL.o
LOAD obj/LPS25HB_Driver.o
LOAD obj/LPS25HB_Driver_HL.o
LOAD obj/LPS22HB_Driver.o
LOAD obj/LPS22HB_Driver_HL.o
LOAD obj/LIS3MDL_MAG_driver.o
LOAD obj/LIS3MDL_MAG_driver_HL.o
LOAD obj/LSM6DS0_ACC_GYRO_driver.o
LOAD obj/LSM6DS0_ACC_GYRO_driver_HL.o
LOAD obj/LSM6DS3_ACC_GYRO_driver.o
LOAD obj/LSM6DS3_ACC_GYRO_driver_HL.o
LOAD obj/sx1276.o
LOAD obj/x_nucleo_iks01a1.o
LOAD obj/x_nucleo_iks01a1_accelero.o
LOAD obj/x_nucleo_iks01a1_gyro.o
LOAD obj/x_nucleo_iks01a1_humidity.o
LOAD obj/x_nucleo_iks01a1_magneto.o
LOAD obj/x_nucleo_iks01a1_pressure.o
LOAD obj/x_nucleo_iks01a1_temperature.o
LOAD obj/b-l072z-lrwan1.o
LOAD obj/mlm32l07x01.o
LOAD obj/system_stm32l0xx.o
START GROUP
LOAD /usr/lib/gcc/arm-none-eabi/9.2.1/thumb/v6-m/nofp/libgcc.a
LOAD /usr/lib/gcc/arm-none-eabi/9.2.1/../../../arm-none-eabi/lib/thumb/v6-m/nofp/libg.a
LOAD /usr/lib/gcc/arm-none-eabi/9.2.1/../../../arm-none-eabi/lib/thumb/v6-m/nofp/libc.a
END GROUP
START GROUP
LOAD /usr/lib/gcc/arm-none-eabi/9.2.1/thumb/v6-m/nofp/libgcc.a
LOAD /usr/lib/gcc/arm-none-eabi/9.2.1/../../../arm-none-eabi/lib/thumb/v6-m/nofp/libc.a
LOAD /usr/lib/gcc/arm-none-eabi/9.2.1/../../../arm-none-eabi/lib/thumb/v6-m/nofp/librdimon.a
END GROUP
LOAD /usr/lib/gcc/arm-none-eabi/9.2.1/thumb/v6-m/nofp/crtend.o
LOAD /usr/lib/gcc/arm-none-eabi/9.2.1/thumb/v6-m/nofp/crtn.o
                0x0000000020005000                _estack = 0x20005000
                0x0000000000000200                _Min_Heap_Size = 0x200
                0x0000000000000400                _Min_Stack_Size = 0x400

.isr_vector     0x0000000008000000       0xc0
                0x0000000008000000                . = ALIGN (0x4)
 *(.isr_vector)
 .isr_vector    0x0000000008000000       0xc0 /tmp/ccVtTR9q.o
                0x0000000008000000                g_pfnVectors
                0x00000000080000c0                . = ALIGN (0x4)

.text           0x00000000080000c0    0x20954
                0x00000000080000c0                . = ALIGN (0x4)
 *(.text)
 .text          0x00000000080000c0       0x98 /usr/lib/gcc/arm-none-eabi/9.2.1/thumb/v6-m/nofp/crtbegin.o
 .text          0x0000000008000158       0x10 /usr/lib/gcc/arm-none-eabi/9.2.1/../../../arm-none-eabi/lib/thumb/v6-m/nofp/libc.a(lib_a-atexit.o)
                0x0000000008000158                atexit
 .text          0x0000000008000168       0x28 /usr/lib/gcc/arm-none-eabi/9.2.1/../../../arm-none-eabi/lib/thumb/v6-m/nofp/libc.a(lib_a-fini.o)
                0x0000000008000168                __libc_fini_array
 .text          0x0000000008000190       0x44 /usr/lib/gcc/arm-none-eabi/9.2.1/../../../arm-none-eabi/lib/thumb/v6-m/nofp/libc.a(lib_a-init.o)
                0x0000000008000190                __libc_init_array
 .text          0x00000000080001d4       0xa8 /usr/lib/gcc/arm-none-eabi/9.2.1/../../../arm-none-eabi/lib/thumb/v6-m/nofp/libc.a(lib_a-memset.o)
                0x00000000080001d4                memset
 .text          0x000000000800027c       0x88 /usr/lib/gcc/arm-none-eabi/9.2.1/../../../arm-none-eabi/lib/thumb/v6-m/nofp/libc.a(lib_a-__atexit.o)
                0x000000000800027c                __register_exitproc
 .text          0x0000000008000304      0x7e8 /usr/lib/gcc/arm-none-eabi/9.2.1/../../../arm-none-eabi/lib/thumb/v6-m/nofp/librdimon.a(rdimon-syscalls.o)
                0x0000000008000358                _swiread
                0x0000000008000380                _read
                0x00000000080003d0                _swilseek
                0x0000000008000464                _lseek
                0x000000000800046c                _swiwrite
                0x0000000008000494                _write
                0x0000000008000504                _swiclose
                0x0000000008000528                _close
                0x000000000800058c                _getpid
                0x0000000008000590                _sbrk
                0x00000000080005d8                _swistat
                0x0000000008000624                _fstat
                0x0000000008000640                _stat
                0x0000000008000680                _swiopen
                0x0000000008000750                _open
                0x0000000008000760                _get_semihosting_exts
                0x0000000008000858                _has_ext_exit_extended
                0x0000000008000870                _has_ext_stdout_stderr
                0x0000000008000888                initialise_monitor_handles
                0x0000000008000974                _link
                0x0000000008000984                _unlink
                0x00000000080009c0                _gettimeofday
                0x00000000080009ec                _clock
                0x0000000008000a00                _times
                0x0000000008000a20                _isatty
                0x0000000008000a60                _system
                0x0000000008000ab0                _rename
 .text          0x0000000008000aec       0x14 /usr/lib/gcc/arm-none-eabi/9.2.1/../../../arm-none-eabi/lib/thumb/v6-m/nofp/librdimon.a(rdimon-_exit.o)
                0x0000000008000aec                _exit
 .text          0x0000000008000b00       0x48 /usr/lib/gcc/arm-none-eabi/9.2.1/../../../arm-none-eabi/lib/thumb/v6-m/nofp/librdimon.a(rdimon-_kill.o)
                0x0000000008000b00                _kill_shared
                0x0000000008000b2c                _kill
 .text          0x0000000008000b48       0x14 /usr/lib/gcc/arm-none-eabi/9.2.1/thumb/v6-m/nofp/libgcc.a(_thumb1_case_uqi.o)
                0x0000000008000b48                __gnu_thumb1_case_uqi
 .text          0x0000000008000b5c       0x14 /usr/lib/gcc/arm-none-eabi/9.2.1/thumb/v6-m/nofp/libgcc.a(_thumb1_case_shi.o)
                0x0000000008000b5c                __gnu_thumb1_case_shi
 .text          0x0000000008000b70       0x14 /usr/lib/gcc/arm-none-eabi/9.2.1/thumb/v6-m/nofp/libgcc.a(_thumb1_case_uhi.o)
                0x0000000008000b70                __gnu_thumb1_case_uhi
 .text          0x0000000008000b84      0x114 /usr/lib/gcc/arm-none-eabi/9.2.1/thumb/v6-m/nofp/libgcc.a(_udivsi3.o)
                0x0000000008000b84                __udivsi3
                0x0000000008000b84                __aeabi_uidiv
                0x0000000008000c90                __aeabi_uidivmod
 .text          0x0000000008000c98      0x1d4 /usr/lib/gcc/arm-none-eabi/9.2.1/thumb/v6-m/nofp/libgcc.a(_divsi3.o)
                0x0000000008000c98                __aeabi_idiv
                0x0000000008000c98                __divsi3
                0x0000000008000e64                __aeabi_idivmod
 .text          0x0000000008000e6c        0x4 /usr/lib/gcc/arm-none-eabi/9.2.1/thumb/v6-m/nofp/libgcc.a(_dvmd_tls.o)
                0x0000000008000e6c                __aeabi_ldiv0
                0x0000000008000e6c                __aeabi_idiv0
 .text          0x0000000008000e70       0x7c /usr/lib/gcc/arm-none-eabi/9.2.1/thumb/v6-m/nofp/libgcc.a(_arm_cmpdf2.o)
                0x0000000008000e70                __aeabi_cdrcmple
                0x0000000008000e80                __aeabi_cdcmple
                0x0000000008000e80                __aeabi_cdcmpeq
                0x0000000008000e90                __aeabi_dcmpeq
                0x0000000008000e9c                __aeabi_dcmplt
                0x0000000008000eb0                __aeabi_dcmple
                0x0000000008000ec4                __aeabi_dcmpgt
                0x0000000008000ed8                __aeabi_dcmpge
 .text          0x0000000008000eec       0x74 /usr/lib/gcc/arm-none-eabi/9.2.1/thumb/v6-m/nofp/libgcc.a(_arm_cmpsf2.o)
                0x0000000008000eec                __aeabi_cfrcmple
                0x0000000008000ef4                __aeabi_cfcmple
                0x0000000008000ef4                __aeabi_cfcmpeq
                0x0000000008000f04                __aeabi_fcmpeq
                0x0000000008000f10                __aeabi_fcmplt
                0x0000000008000f24                __aeabi_fcmple
                0x0000000008000f38                __aeabi_fcmpgt
                0x0000000008000f4c                __aeabi_fcmpge
 .text          0x0000000008000f60       0x40 /usr/lib/gcc/arm-none-eabi/9.2.1/thumb/v6-m/nofp/libgcc.a(_aeabi_uldivmod.o)
                0x0000000008000f60                __aeabi_uldivmod
 .text          0x0000000008000fa0       0x30 /usr/lib/gcc/arm-none-eabi/9.2.1/thumb/v6-m/nofp/libgcc.a(_fixunssfsi.o)
                0x0000000008000fa0                __aeabi_f2uiz
                0x0000000008000fa0                __fixunssfsi
 .text          0x0000000008000fd0       0x3c /usr/lib/gcc/arm-none-eabi/9.2.1/thumb/v6-m/nofp/libgcc.a(_fixunsdfsi.o)
                0x0000000008000fd0                __fixunsdfsi
                0x0000000008000fd0                __aeabi_d2uiz
 .text          0x000000000800100c      0x198 /usr/lib/gcc/arm-none-eabi/9.2.1/thumb/v6-m/nofp/libgcc.a(_udivmoddi4.o)
                0x000000000800100c                __udivmoddi4
 .text          0x00000000080011a4      0x338 /usr/lib/gcc/arm-none-eabi/9.2.1/thumb/v6-m/nofp/libgcc.a(addsf3.o)
                0x00000000080011a4                __aeabi_fadd
 .text          0x00000000080014dc      0x218 /usr/lib/gcc/arm-none-eabi/9.2.1/thumb/v6-m/nofp/libgcc.a(divsf3.o)
                0x00000000080014dc                __aeabi_fdiv
 .text          0x00000000080016f4       0x50 /usr/lib/gcc/arm-none-eabi/9.2.1/thumb/v6-m/nofp/libgcc.a(eqsf2.o)
                0x00000000080016f4                __nesf2
                0x00000000080016f4                __eqsf2
 .text          0x0000000008001744       0x98 /usr/lib/gcc/arm-none-eabi/9.2.1/thumb/v6-m/nofp/libgcc.a(gesf2.o)
                0x0000000008001744                __gtsf2
                0x0000000008001744                __gesf2
 .text          0x00000000080017dc       0x94 /usr/lib/gcc/arm-none-eabi/9.2.1/thumb/v6-m/nofp/libgcc.a(lesf2.o)
                0x00000000080017dc                __lesf2
                0x00000000080017dc                __ltsf2
 .text          0x0000000008001870      0x234 /usr/lib/gcc/arm-none-eabi/9.2.1/thumb/v6-m/nofp/libgcc.a(mulsf3.o)
                0x0000000008001870                __aeabi_fmul
 .text          0x0000000008001aa4      0x390 /usr/lib/gcc/arm-none-eabi/9.2.1/thumb/v6-m/nofp/libgcc.a(subsf3.o)
                0x0000000008001aa4                __aeabi_fsub
 .text          0x0000000008001e34       0x40 /usr/lib/gcc/arm-none-eabi/9.2.1/thumb/v6-m/nofp/libgcc.a(fixsfsi.o)
                0x0000000008001e34                __aeabi_f2iz
 .text          0x0000000008001e74       0x8c /usr/lib/gcc/arm-none-eabi/9.2.1/thumb/v6-m/nofp/libgcc.a(floatsisf.o)
                0x0000000008001e74                __aeabi_i2f
 .text          0x0000000008001f00       0x78 /usr/lib/gcc/arm-none-eabi/9.2.1/thumb/v6-m/nofp/libgcc.a(floatunsisf.o)
                0x0000000008001f00                __aeabi_ui2f
 .text          0x0000000008001f78      0x6d4 /usr/lib/gcc/arm-none-eabi/9.2.1/thumb/v6-m/nofp/libgcc.a(adddf3.o)
                0x0000000008001f78                __aeabi_dadd
 .text          0x000000000800264c      0x5d0 /usr/lib/gcc/arm-none-eabi/9.2.1/thumb/v6-m/nofp/libgcc.a(divdf3.o)
                0x000000000800264c                __aeabi_ddiv
 .text          0x0000000008002c1c       0x78 /usr/lib/gcc/arm-none-eabi/9.2.1/thumb/v6-m/nofp/libgcc.a(eqdf2.o)
                0x0000000008002c1c                __eqdf2
                0x0000000008002c1c                __nedf2
 .text          0x0000000008002c94       0xe4 /usr/lib/gcc/arm-none-eabi/9.2.1/thumb/v6-m/nofp/libgcc.a(gedf2.o)
                0x0000000008002c94                __gtdf2
                0x0000000008002c94                __gedf2
 .text          0x0000000008002d78       0xe0 /usr/lib/gcc/arm-none-eabi/9.2.1/thumb/v6-m/nofp/libgcc.a(ledf2.o)
                0x0000000008002d78                __ltdf2
                0x0000000008002d78                __ledf2
 .text          0x0000000008002e58      0x4d8 /usr/lib/gcc/arm-none-eabi/9.2.1/thumb/v6-m/nofp/libgcc.a(muldf3.o)
                0x0000000008002e58                __aeabi_dmul
 .text          0x0000000008003330      0x724 /usr/lib/gcc/arm-none-eabi/9.2.1/thumb/v6-m/nofp/libgcc.a(subdf3.o)
                0x0000000008003330                __aeabi_dsub
 .text          0x0000000008003a54       0x6c /usr/lib/gcc/arm-none-eabi/9.2.1/thumb/v6-m/nofp/libgcc.a(fixdfsi.o)
                0x0000000008003a54                __aeabi_d2iz
 .text          0x0000000008003ac0       0x60 /usr/lib/gcc/arm-none-eabi/9.2.1/thumb/v6-m/nofp/libgcc.a(floatsidf.o)
                0x0000000008003ac0                __aeabi_i2d
 .text          0x0000000008003b20       0x4c /usr/lib/gcc/arm-none-eabi/9.2.1/thumb/v6-m/nofp/libgcc.a(floatunsidf.o)
                0x0000000008003b20                __aeabi_ui2d
 .text          0x0000000008003b6c       0x90 /usr/lib/gcc/arm-none-eabi/9.2.1/thumb/v6-m/nofp/libgcc.a(extendsfdf2.o)
                0x0000000008003b6c                __aeabi_f2d
 .text          0x0000000008003bfc      0x110 /usr/lib/gcc/arm-none-eabi/9.2.1/thumb/v6-m/nofp/libgcc.a(truncdfsf2.o)
                0x0000000008003bfc                __aeabi_d2f
 .text          0x0000000008003d0c       0x3c /usr/lib/gcc/arm-none-eabi/9.2.1/thumb/v6-m/nofp/libgcc.a(_clzsi2.o)
                0x0000000008003d0c                __clzsi2
 .text          0x0000000008003d48       0x18 /usr/lib/gcc/arm-none-eabi/9.2.1/thumb/v6-m/nofp/libgcc.a(_clzdi2.o)
                0x0000000008003d48                __clzdi2
 .text          0x0000000008003d60        0xc /usr/lib/gcc/arm-none-eabi/9.2.1/../../../arm-none-eabi/lib/thumb/v6-m/nofp/libg.a(lib_a-errno.o)
                0x0000000008003d60                __errno
 .text          0x0000000008003d6c      0x220 /usr/lib/gcc/arm-none-eabi/9.2.1/../../../arm-none-eabi/lib/thumb/v6-m/nofp/libg.a(lib_a-findfp.o)
                0x0000000008003d70                _cleanup_r
                0x0000000008003e6c                __sfmoreglue
                0x0000000008003e9c                __sfp
                0x0000000008003f24                _cleanup
                0x0000000008003f3c                __sinit
                0x0000000008003f4c                __sfp_lock_acquire
                0x0000000008003f50                __sfp_lock_release
                0x0000000008003f54                __sinit_lock_acquire
                0x0000000008003f58                __sinit_lock_release
                0x0000000008003f5c                __fp_lock_all
                0x0000000008003f74                __fp_unlock_all
 .text          0x0000000008003f8c       0x90 /usr/lib/gcc/arm-none-eabi/9.2.1/../../../arm-none-eabi/lib/thumb/v6-m/nofp/libg.a(lib_a-fwalk.o)
                0x0000000008003f8c                _fwalk
                0x0000000008003fd0                _fwalk_reent
 .text          0x000000000800401c      0x58c /usr/lib/gcc/arm-none-eabi/9.2.1/../../../arm-none-eabi/lib/thumb/v6-m/nofp/libg.a(lib_a-mallocr.o)
                0x000000000800401c                _malloc_r
 .text          0x00000000080045a8       0xa8 /usr/lib/gcc/arm-none-eabi/9.2.1/../../../arm-none-eabi/lib/thumb/v6-m/nofp/libg.a(lib_a-memcpy-stub.o)
                0x00000000080045a8                memcpy
 .text          0x0000000008004650        0x8 /usr/lib/gcc/arm-none-eabi/9.2.1/../../../arm-none-eabi/lib/thumb/v6-m/nofp/libg.a(lib_a-mlock.o)
                0x0000000008004650                __malloc_lock
                0x0000000008004654                __malloc_unlock
 .text          0x0000000008004658       0x40 /usr/lib/gcc/arm-none-eabi/9.2.1/../../../arm-none-eabi/lib/thumb/v6-m/nofp/libg.a(lib_a-printf.o)
                0x0000000008004658                _printf_r
                0x0000000008004674                printf
 .text          0x0000000008004698       0x24 /usr/lib/gcc/arm-none-eabi/9.2.1/../../../arm-none-eabi/lib/thumb/v6-m/nofp/libg.a(lib_a-sbrkr.o)
                0x0000000008004698                _sbrk_r
 .text          0x00000000080046bc       0xa4 /usr/lib/gcc/arm-none-eabi/9.2.1/../../../arm-none-eabi/lib/thumb/v6-m/nofp/libg.a(lib_a-stdio.o)
                0x00000000080046bc                __sread
                0x00000000080046e4                __seofread
                0x00000000080046e8                __swrite
                0x0000000008004728                __sseek
                0x0000000008004754                __sclose
 .text          0x0000000008004760       0x68 /usr/lib/gcc/arm-none-eabi/9.2.1/../../../arm-none-eabi/lib/thumb/v6-m/nofp/libg.a(lib_a-strlen-stub.o)
                0x0000000008004760                strlen
 .text          0x00000000080047c8     0x16e0 /usr/lib/gcc/arm-none-eabi/9.2.1/../../../arm-none-eabi/lib/thumb/v6-m/nofp/libg.a(lib_a-vfprintf.o)
                0x00000000080047c8                _vfprintf_r
                0x0000000008005e1c                vfprintf
 .text          0x0000000008005ea8       0x90 /usr/lib/gcc/arm-none-eabi/9.2.1/../../../arm-none-eabi/lib/thumb/v6-m/nofp/libg.a(lib_a-vsnprintf.o)
                0x0000000008005ea8                _vsnprintf_r
                0x0000000008005f18                vsnprintf
 .text          0x0000000008005f38       0x28 /usr/lib/gcc/arm-none-eabi/9.2.1/../../../arm-none-eabi/lib/thumb/v6-m/nofp/libg.a(lib_a-writer.o)
                0x0000000008005f38                _write_r
 .text          0x0000000008005f60       0xdc /usr/lib/gcc/arm-none-eabi/9.2.1/../../../arm-none-eabi/lib/thumb/v6-m/nofp/libg.a(lib_a-wsetup.o)
                0x0000000008005f60                __swsetup_r
 .text          0x000000000800603c       0x24 /usr/lib/gcc/arm-none-eabi/9.2.1/../../../arm-none-eabi/lib/thumb/v6-m/nofp/libg.a(lib_a-closer.o)
                0x000000000800603c                _close_r
 .text          0x0000000008006060     0x1128 /usr/lib/gcc/arm-none-eabi/9.2.1/../../../arm-none-eabi/lib/thumb/v6-m/nofp/libg.a(lib_a-dtoa.o)
                0x00000000080061b4                _dtoa_r
 .text          0x0000000008007188       0xac /usr/lib/gcc/arm-none-eabi/9.2.1/../../../arm-none-eabi/lib/thumb/v6-m/nofp/libg.a(lib_a-fclose.o)
                0x0000000008007188                _fclose_r
                0x0000000008007220                fclose
 .text          0x0000000008007234      0x1b4 /usr/lib/gcc/arm-none-eabi/9.2.1/../../../arm-none-eabi/lib/thumb/v6-m/nofp/libg.a(lib_a-fflush.o)
                0x0000000008007234                __sflush_r
                0x0000000008007394                _fflush_r
                0x00000000080073c0                fflush
 .text          0x00000000080073e8      0x27c /usr/lib/gcc/arm-none-eabi/9.2.1/../../../arm-none-eabi/lib/thumb/v6-m/nofp/libg.a(lib_a-freer.o)
                0x00000000080073e8                _malloc_trim_r
                0x0000000008007488                _free_r
 .text          0x0000000008007664       0x14 /usr/lib/gcc/arm-none-eabi/9.2.1/../../../arm-none-eabi/lib/thumb/v6-m/nofp/libg.a(lib_a-localeconv.o)
                0x0000000008007664                __localeconv_l
                0x0000000008007668                _localeconv_r
                0x0000000008007670                localeconv
 .text          0x0000000008007678       0x28 /usr/lib/gcc/arm-none-eabi/9.2.1/../../../arm-none-eabi/lib/thumb/v6-m/nofp/libg.a(lib_a-lseekr.o)
                0x0000000008007678                _lseek_r
 .text          0x00000000080076a0       0xf0 /usr/lib/gcc/arm-none-eabi/9.2.1/../../../arm-none-eabi/lib/thumb/v6-m/nofp/libg.a(lib_a-makebuf.o)
                0x00000000080076a0                __swhatbuf_r
                0x0000000008007700                __smakebuf_r
 .text          0x0000000008007790       0x80 /usr/lib/gcc/arm-none-eabi/9.2.1/../../../arm-none-eabi/lib/thumb/v6-m/nofp/libg.a(lib_a-memchr-stub.o)
                0x0000000008007790                memchr
 .text          0x0000000008007810      0xa38 /usr/lib/gcc/arm-none-eabi/9.2.1/../../../arm-none-eabi/lib/thumb/v6-m/nofp/libg.a(lib_a-mprec.o)
                0x0000000008007810                _Balloc
                0x0000000008007860                _Bfree
                0x0000000008007874                __multadd
                0x0000000008007924                __s2b
                0x00000000080079d0                __hi0bits
                0x0000000008007a08                __lo0bits
                0x0000000008007a64                __i2b
                0x0000000008007a90                __multiply
                0x0000000008007c1c                __pow5mult
                0x0000000008007cd0                __lshift
                0x0000000008007db4                __mcmp
                0x0000000008007de8                __mdiff
                0x0000000008007f30                __ulp
                0x0000000008007f78                __b2d
                0x0000000008008030                __d2b
                0x0000000008008108                __ratio
                0x000000000800817c                _mprec_log10
                0x00000000080081b0                __copybits
                0x00000000080081f0                __any_on
 .text          0x0000000008008248       0x28 /usr/lib/gcc/arm-none-eabi/9.2.1/../../../arm-none-eabi/lib/thumb/v6-m/nofp/libg.a(lib_a-readr.o)
                0x0000000008008248                _read_r
 .text          0x0000000008008270     0x1568 /usr/lib/gcc/arm-none-eabi/9.2.1/../../../arm-none-eabi/lib/thumb/v6-m/nofp/libg.a(lib_a-svfprintf.o)
                0x0000000008008270                _svfprintf_r
 .text          0x00000000080097d8      0xd40 /usr/lib/gcc/arm-none-eabi/9.2.1/../../../arm-none-eabi/lib/thumb/v6-m/nofp/libg.a(lib_a-vfiprintf.o)
                0x0000000008009860                __sprint_r
                0x0000000008009874                _vfiprintf_r
                0x000000000800a48c                vfiprintf
 .text          0x000000000800a518       0x4c /usr/lib/gcc/arm-none-eabi/9.2.1/../../../arm-none-eabi/lib/thumb/v6-m/nofp/libg.a(lib_a-assert.o)
                0x000000000800a518                __assert_func
                0x000000000800a558                __assert
 .text          0x000000000800a564       0x5c /usr/lib/gcc/arm-none-eabi/9.2.1/../../../arm-none-eabi/lib/thumb/v6-m/nofp/libg.a(lib_a-callocr.o)
                0x000000000800a564                _calloc_r
 .text          0x000000000800a5c0       0x3c /usr/lib/gcc/arm-none-eabi/9.2.1/../../../arm-none-eabi/lib/thumb/v6-m/nofp/libg.a(lib_a-fiprintf.o)
                0x000000000800a5c0                _fiprintf_r
                0x000000000800a5d8                fiprintf
 .text          0x000000000800a5fc       0xfc /usr/lib/gcc/arm-none-eabi/9.2.1/../../../arm-none-eabi/lib/thumb/v6-m/nofp/libg.a(lib_a-fputwc.o)
                0x000000000800a5fc                __fputwc
                0x000000000800a694                _fputwc_r
                0x000000000800a6b4                fputwc
 .text          0x000000000800a6f8       0x28 /usr/lib/gcc/arm-none-eabi/9.2.1/../../../arm-none-eabi/lib/thumb/v6-m/nofp/libg.a(lib_a-fstatr.o)
                0x000000000800a6f8                _fstat_r
 .text          0x000000000800a720      0x320 /usr/lib/gcc/arm-none-eabi/9.2.1/../../../arm-none-eabi/lib/thumb/v6-m/nofp/libg.a(lib_a-fvwrite.o)
                0x000000000800a720                __sfvwrite_r
 .text          0x000000000800aa40       0x24 /usr/lib/gcc/arm-none-eabi/9.2.1/../../../arm-none-eabi/lib/thumb/v6-m/nofp/libg.a(lib_a-isattyr.o)
                0x000000000800aa40                _isatty_r
 .text          0x000000000800aa64       0x6c /usr/lib/gcc/arm-none-eabi/9.2.1/../../../arm-none-eabi/lib/thumb/v6-m/nofp/libg.a(lib_a-locale.o)
                0x000000000800aa64                _setlocale_r
                0x000000000800aaa8                __locale_mb_cur_max
                0x000000000800aab8                setlocale
 .text          0x000000000800aad0       0x44 /usr/lib/gcc/arm-none-eabi/9.2.1/../../../arm-none-eabi/lib/thumb/v6-m/nofp/libg.a(lib_a-mbtowc_r.o)
                0x000000000800aad0                _mbtowc_r
                0x000000000800aae8                __ascii_mbtowc
 .text          0x000000000800ab14       0xbc /usr/lib/gcc/arm-none-eabi/9.2.1/../../../arm-none-eabi/lib/thumb/v6-m/nofp/libg.a(lib_a-memmove.o)
                0x000000000800ab14                memmove
 .text          0x000000000800abd0      0x35c /usr/lib/gcc/arm-none-eabi/9.2.1/../../../arm-none-eabi/lib/thumb/v6-m/nofp/libg.a(lib_a-reallocr.o)
                0x000000000800abd0                _realloc_r
 .text          0x000000000800af2c       0x88 /usr/lib/gcc/arm-none-eabi/9.2.1/../../../arm-none-eabi/lib/thumb/v6-m/nofp/libg.a(lib_a-strcmp.o)
                0x000000000800af2c                strcmp
 .text          0x000000000800afb4      0xb7c /usr/lib/gcc/arm-none-eabi/9.2.1/../../../arm-none-eabi/lib/thumb/v6-m/nofp/libg.a(lib_a-svfiprintf.o)
                0x000000000800afb4                __ssprint_r
                0x000000000800b0c8                _svfiprintf_r
 .text          0x000000000800bb30       0xe0 /usr/lib/gcc/arm-none-eabi/9.2.1/../../../arm-none-eabi/lib/thumb/v6-m/nofp/libg.a(lib_a-wbuf.o)
                0x000000000800bb30                __swbuf_r
                0x000000000800bbf8                __swbuf
 .text          0x000000000800bc10       0x80 /usr/lib/gcc/arm-none-eabi/9.2.1/../../../arm-none-eabi/lib/thumb/v6-m/nofp/libg.a(lib_a-wcrtomb.o)
                0x000000000800bc10                _wcrtomb_r
                0x000000000800bc4c                wcrtomb
 .text          0x000000000800bc90       0x2c /usr/lib/gcc/arm-none-eabi/9.2.1/../../../arm-none-eabi/lib/thumb/v6-m/nofp/libg.a(lib_a-wctomb_r.o)
                0x000000000800bc90                _wctomb_r
                0x000000000800bca0                __ascii_wctomb
 .text          0x000000000800bcbc       0x10 /usr/lib/gcc/arm-none-eabi/9.2.1/../../../arm-none-eabi/lib/thumb/v6-m/nofp/libg.a(lib_a-abort.o)
                0x000000000800bcbc                abort
 .text          0x000000000800bccc      0x190 /usr/lib/gcc/arm-none-eabi/9.2.1/../../../arm-none-eabi/lib/thumb/v6-m/nofp/libg.a(lib_a-signal.o)
                0x000000000800bcf8                _init_signal_r
                0x000000000800bd14                _signal_r
                0x000000000800bd50                _raise_r
                0x000000000800bdac                __sigtramp_r
                0x000000000800bdfc                raise
                0x000000000800be10                signal
                0x000000000800be28                _init_signal
                0x000000000800be48                __sigtramp
 .text          0x000000000800be5c       0x30 /usr/lib/gcc/arm-none-eabi/9.2.1/../../../arm-none-eabi/lib/thumb/v6-m/nofp/libg.a(lib_a-signalr.o)
                0x000000000800be5c                _kill_r
                0x000000000800be84                _getpid_r
 .text          0x000000000800be8c       0x3c /usr/lib/gcc/arm-none-eabi/9.2.1/thumb/v6-m/nofp/libgcc.a(unorddf2.o)
                0x000000000800be8c                __aeabi_dcmpun
 .text          0x000000000800bec8      0x118 /usr/lib/gcc/arm-none-eabi/9.2.1/../../../arm-none-eabi/lib/thumb/v6-m/nofp/libm.a(lib_a-s_ceil.o)
                0x000000000800bec8                ceil
 .text          0x000000000800bfe0       0x8c /usr/lib/gcc/arm-none-eabi/9.2.1/../../../arm-none-eabi/lib/thumb/v6-m/nofp/libm.a(lib_a-s_cos.o)
                0x000000000800bfe0                cos
 .text          0x000000000800c06c      0x118 /usr/lib/gcc/arm-none-eabi/9.2.1/../../../arm-none-eabi/lib/thumb/v6-m/nofp/libm.a(lib_a-s_floor.o)
                0x000000000800c06c                floor
 .text          0x000000000800c184       0xa8 /usr/lib/gcc/arm-none-eabi/9.2.1/../../../arm-none-eabi/lib/thumb/v6-m/nofp/libm.a(lib_a-s_round.o)
                0x000000000800c184                round
 .text          0x000000000800c22c       0x90 /usr/lib/gcc/arm-none-eabi/9.2.1/../../../arm-none-eabi/lib/thumb/v6-m/nofp/libm.a(lib_a-s_sin.o)
                0x000000000800c22c                sin
 .text          0x000000000800c2bc       0x64 /usr/lib/gcc/arm-none-eabi/9.2.1/../../../arm-none-eabi/lib/thumb/v6-m/nofp/libm.a(lib_a-w_asin.o)
                0x000000000800c2bc                asin
 .text          0x000000000800c320        0x8 /usr/lib/gcc/arm-none-eabi/9.2.1/../../../arm-none-eabi/lib/thumb/v6-m/nofp/libm.a(lib_a-w_atan2.o)
                0x000000000800c320                atan2
 .text          0x000000000800c328       0x5c /usr/lib/gcc/arm-none-eabi/9.2.1/../../../arm-none-eabi/lib/thumb/v6-m/nofp/libm.a(lib_a-w_sqrt.o)
                0x000000000800c328                sqrt
 .text          0x000000000800c384      0x3d0 /usr/lib/gcc/arm-none-eabi/9.2.1/../../../arm-none-eabi/lib/thumb/v6-m/nofp/libm.a(lib_a-e_asin.o)
                0x000000000800c384                __ieee754_asin
 .text          0x000000000800c754      0x17c /usr/lib/gcc/arm-none-eabi/9.2.1/../../../arm-none-eabi/lib/thumb/v6-m/nofp/libm.a(lib_a-e_atan2.o)
                0x000000000800c754                __ieee754_atan2
 .text          0x000000000800c8d0      0x418 /usr/lib/gcc/arm-none-eabi/9.2.1/../../../arm-none-eabi/lib/thumb/v6-m/nofp/libm.a(lib_a-e_rem_pio2.o)
                0x000000000800c8d0                __ieee754_rem_pio2
 .text          0x000000000800cce8      0x1b4 /usr/lib/gcc/arm-none-eabi/9.2.1/../../../arm-none-eabi/lib/thumb/v6-m/nofp/libm.a(lib_a-e_sqrt.o)
                0x000000000800cce8                __ieee754_sqrt
 .text          0x000000000800ce9c      0x234 /usr/lib/gcc/arm-none-eabi/9.2.1/../../../arm-none-eabi/lib/thumb/v6-m/nofp/libm.a(lib_a-k_cos.o)
                0x000000000800ce9c                __kernel_cos
 .text          0x000000000800d0d0      0x8b4 /usr/lib/gcc/arm-none-eabi/9.2.1/../../../arm-none-eabi/lib/thumb/v6-m/nofp/libm.a(lib_a-k_rem_pio2.o)
                0x000000000800d0d0                __kernel_rem_pio2
 .text          0x000000000800d984      0x168 /usr/lib/gcc/arm-none-eabi/9.2.1/../../../arm-none-eabi/lib/thumb/v6-m/nofp/libm.a(lib_a-k_sin.o)
                0x000000000800d984                __kernel_sin
 .text          0x000000000800daec      0x31c /usr/lib/gcc/arm-none-eabi/9.2.1/../../../arm-none-eabi/lib/thumb/v6-m/nofp/libm.a(lib_a-s_atan.o)
                0x000000000800daec                atan
 .text          0x000000000800de08        0x8 /usr/lib/gcc/arm-none-eabi/9.2.1/../../../arm-none-eabi/lib/thumb/v6-m/nofp/libm.a(lib_a-s_fabs.o)
                0x000000000800de08                fabs
 .text          0x000000000800de10        0xc /usr/lib/gcc/arm-none-eabi/9.2.1/../../../arm-none-eabi/lib/thumb/v6-m/nofp/libm.a(lib_a-s_nan.o)
                0x000000000800de10                nan
 .text          0x000000000800de1c       0xf8 /usr/lib/gcc/arm-none-eabi/9.2.1/../../../arm-none-eabi/lib/thumb/v6-m/nofp/libm.a(lib_a-s_scalbn.o)
                0x000000000800de1c                scalbn
 *(.text*)
 .text.startup  0x000000000800df14       0x18 /usr/lib/gcc/arm-none-eabi/9.2.1/../../../arm-none-eabi/lib/thumb/v6-m/nofp/libc.a(lib_a-__call_atexit.o)
 .text.Reset_Handler
                0x000000000800df2c       0x50 /tmp/ccVtTR9q.o
                0x000000000800df2c                Reset_Handler
 .text.Default_Handler
                0x000000000800df7c        0x2 /tmp/ccVtTR9q.o
                0x000000000800df7c                TSC_IRQHandler
                0x000000000800df7c                ADC1_COMP_IRQHandler
                0x000000000800df7c                PVD_IRQHandler
                0x000000000800df7c                I2C1_IRQHandler
                0x000000000800df7c                RCC_CRS_IRQHandler
                0x000000000800df7c                SPI1_IRQHandler
                0x000000000800df7c                TIM6_DAC_IRQHandler
                0x000000000800df7c                I2C2_IRQHandler
                0x000000000800df7c                TIM3_IRQHandler
                0x000000000800df7c                DMA1_Channel1_IRQHandler
                0x000000000800df7c                USART4_5_IRQHandler
                0x000000000800df7c                Default_Handler
                0x000000000800df7c                TIM22_IRQHandler
                0x000000000800df7c                TIM7_IRQHandler
                0x000000000800df7c                USB_IRQHandler
                0x000000000800df7c                I2C3_IRQHandler
                0x000000000800df7c                SPI2_IRQHandler
                0x000000000800df7c                TIM21_IRQHandler
                0x000000000800df7c                WWDG_IRQHandler
                0x000000000800df7c                TIM2_IRQHandler
                0x000000000800df7c                DMA1_Channel2_3_IRQHandler
                0x000000000800df7c                FLASH_IRQHandler
                0x000000000800df7c                USART1_IRQHandler
                0x000000000800df7c                RNG_LPUART1_IRQHandler
                0x000000000800df7c                LPTIM1_IRQHandler
 *fill*         0x000000000800df7e        0x2 
 .text.LoraMacProcessNotify
                0x000000000800df80        0xc obj/main.o
 .text.LORA_TxNeeded
                0x000000000800df8c       0x18 obj/main.o
 .text.LORA_ConfirmClass
                0x000000000800dfa4       0x28 obj/main.o
 .text.LORA_HasJoined
                0x000000000800dfcc        0xa obj/main.o
 .text.OnTimerLedEvent
                0x000000000800dfd6        0xa obj/main.o
 .text.LORA_RxData
                0x000000000800dfe0       0x74 obj/main.o
 .text.LORA_GetBatteryLevel
                0x000000000800e054       0x38 obj/main.o
 .text.OnTxTimerEvent
                0x000000000800e08c       0x18 obj/main.o
 .text.Send     0x000000000800e0a4      0x678 obj/main.o
 .text.startup.main
                0x000000000800e71c       0xb8 obj/main.o
                0x000000000800e71c                main
 .text.BSP_sensor_Read
                0x000000000800e7d4       0xcc obj/bsp.o
                0x000000000800e7d4                BSP_sensor_Read
 .text.BSP_sensor_Init
                0x000000000800e8a0       0x80 obj/bsp.o
                0x000000000800e8a0                BSP_sensor_Init
 .text.DBG_Init
                0x000000000800e920       0x68 obj/debug.o
                0x000000000800e920                DBG_Init
 .text.Error_Handler
                0x000000000800e988       0x10 obj/debug.o
                0x000000000800e988                Error_Handler
 .text.HW_GPIO_GetBitPos
                0x000000000800e998       0x38 obj/hw_gpio.o
 .text.HW_GPIO_Init
                0x000000000800e9d0       0x98 obj/hw_gpio.o
                0x000000000800e9d0                HW_GPIO_Init
 .text.HW_GPIO_SetIrq
                0x000000000800ea68       0x34 obj/hw_gpio.o
                0x000000000800ea68                HW_GPIO_SetIrq
 .text.HW_GPIO_IrqHandler
                0x000000000800ea9c       0x1c obj/hw_gpio.o
                0x000000000800ea9c                HW_GPIO_IrqHandler
 .text.HW_GPIO_Write
                0x000000000800eab8        0xa obj/hw_gpio.o
                0x000000000800eab8                HW_GPIO_Write
 *fill*         0x000000000800eac2        0x2 
 .text.HW_RTC_GetCalendarValue
                0x000000000800eac4       0xbc obj/hw_rtc.o
 .text.HW_RTC_GetMinimumTimeout
                0x000000000800eb80        0x4 obj/hw_rtc.o
                0x000000000800eb80                HW_RTC_GetMinimumTimeout
 .text.HW_RTC_ms2Tick
                0x000000000800eb84       0x10 obj/hw_rtc.o
                0x000000000800eb84                HW_RTC_ms2Tick
 .text.HW_RTC_Tick2ms
                0x000000000800eb94       0x16 obj/hw_rtc.o
                0x000000000800eb94                HW_RTC_Tick2ms
 *fill*         0x000000000800ebaa        0x2 
 .text.HW_RTC_GetTimerElapsedTime
                0x000000000800ebac       0x18 obj/hw_rtc.o
                0x000000000800ebac                HW_RTC_GetTimerElapsedTime
 .text.HW_RTC_GetTimerValue
                0x000000000800ebc4        0xe obj/hw_rtc.o
                0x000000000800ebc4                HW_RTC_GetTimerValue
 *fill*         0x000000000800ebd2        0x2 
 .text.HW_RTC_StopAlarm
                0x000000000800ebd4       0x30 obj/hw_rtc.o
                0x000000000800ebd4                HW_RTC_StopAlarm
 .text.HW_RTC_SetAlarm
                0x000000000800ec04      0x14c obj/hw_rtc.o
                0x000000000800ec04                HW_RTC_SetAlarm
 .text.HW_RTC_IrqHandler
                0x000000000800ed50       0x40 obj/hw_rtc.o
                0x000000000800ed50                HW_RTC_IrqHandler
 .text.HW_RTC_DelayMs
                0x000000000800ed90       0x26 obj/hw_rtc.o
                0x000000000800ed90                HW_RTC_DelayMs
 *fill*         0x000000000800edb6        0x2 
 .text.HW_RTC_SetTimerContext
                0x000000000800edb8       0x18 obj/hw_rtc.o
                0x000000000800edb8                HW_RTC_SetTimerContext
 .text.HW_RTC_Init
                0x000000000800edd0       0x78 obj/hw_rtc.o
                0x000000000800edd0                HW_RTC_Init
 .text.HW_RTC_GetTimerContext
                0x000000000800ee48        0xc obj/hw_rtc.o
                0x000000000800ee48                HW_RTC_GetTimerContext
 .text.HW_RTC_GetCalendarTime
                0x000000000800ee54       0x26 obj/hw_rtc.o
                0x000000000800ee54                HW_RTC_GetCalendarTime
 *fill*         0x000000000800ee7a        0x2 
 .text.HW_RTC_BKUPWrite
                0x000000000800ee7c       0x20 obj/hw_rtc.o
                0x000000000800ee7c                HW_RTC_BKUPWrite
 .text.HW_RTC_BKUPRead
                0x000000000800ee9c       0x24 obj/hw_rtc.o
                0x000000000800ee9c                HW_RTC_BKUPRead
 .text.HW_SPI_IoInit
                0x000000000800eec0       0x5c obj/hw_spi.o
                0x000000000800eec0                HW_SPI_IoInit
 .text.HW_SPI_Init
                0x000000000800ef1c       0x94 obj/hw_spi.o
                0x000000000800ef1c                HW_SPI_Init
 .text.HW_SPI_InOut
                0x000000000800efb0       0x28 obj/hw_spi.o
                0x000000000800efb0                HW_SPI_InOut
 .text.vcom_Init
                0x000000000800efd8       0x3c obj/vcom.o
                0x000000000800efd8                vcom_Init
 .text.vcom_Trace
                0x000000000800f014       0x14 obj/vcom.o
                0x000000000800f014                vcom_Trace
 .text.HAL_UART_TxCpltCallback
                0x000000000800f028       0x10 obj/vcom.o
                0x000000000800f028                HAL_UART_TxCpltCallback
 .text.vcom_DMA_TX_IRQHandler
                0x000000000800f038       0x10 obj/vcom.o
                0x000000000800f038                vcom_DMA_TX_IRQHandler
 .text.vcom_IRQHandler
                0x000000000800f048       0x10 obj/vcom.o
                0x000000000800f048                vcom_IRQHandler
 .text.vcom_IoInit
                0x000000000800f058       0x58 obj/vcom.o
                0x000000000800f058                vcom_IoInit
 .text.HAL_UART_MspInit
                0x000000000800f0b0       0xa8 obj/vcom.o
                0x000000000800f0b0                HAL_UART_MspInit
 .text.vcom_IoDeInit
                0x000000000800f158       0x4c obj/vcom.o
                0x000000000800f158                vcom_IoDeInit
 .text.HAL_InitTick
                0x000000000800f1a4        0x4 obj/mlm32l0xx_hal_msp.o
                0x000000000800f1a4                HAL_InitTick
 .text.HAL_Delay
                0x000000000800f1a8        0xc obj/mlm32l0xx_hal_msp.o
                0x000000000800f1a8                HAL_Delay
 .text.HAL_MspInit
                0x000000000800f1b4       0x34 obj/mlm32l0xx_hal_msp.o
                0x000000000800f1b4                HAL_MspInit
 .text.HAL_RTC_MspInit
                0x000000000800f1e8       0x6c obj/mlm32l0xx_hal_msp.o
                0x000000000800f1e8                HAL_RTC_MspInit
 .text.HAL_RTC_AlarmAEventCallback
                0x000000000800f254        0x8 obj/mlm32l0xx_hal_msp.o
                0x000000000800f254                HAL_RTC_AlarmAEventCallback
 .text.HAL_GPIO_EXTI_Callback
                0x000000000800f25c        0x8 obj/mlm32l0xx_hal_msp.o
                0x000000000800f25c                HAL_GPIO_EXTI_Callback
 .text.MSP_GetIRQn
                0x000000000800f264       0x22 obj/mlm32l0xx_hal_msp.o
                0x000000000800f264                MSP_GetIRQn
 .text.NMI_Handler
                0x000000000800f286        0x2 obj/mlm32l0xx_it.o
                0x000000000800f286                NMI_Handler
 .text.HardFault_Handler
                0x000000000800f288        0x4 obj/mlm32l0xx_it.o
                0x000000000800f288                HardFault_Handler
 .text.SVC_Handler
                0x000000000800f28c        0x2 obj/mlm32l0xx_it.o
                0x000000000800f28c                SVC_Handler
 .text.PendSV_Handler
                0x000000000800f28e        0x2 obj/mlm32l0xx_it.o
                0x000000000800f28e                PendSV_Handler
 .text.SysTick_Handler
                0x000000000800f290        0x8 obj/mlm32l0xx_it.o
                0x000000000800f290                SysTick_Handler
 .text.USART2_IRQHandler
                0x000000000800f298        0x8 obj/mlm32l0xx_it.o
                0x000000000800f298                USART2_IRQHandler
 .text.DMA1_Channel4_5_6_7_IRQHandler
                0x000000000800f2a0        0x8 obj/mlm32l0xx_it.o
                0x000000000800f2a0                DMA1_Channel4_5_6_7_IRQHandler
 .text.RTC_IRQHandler
                0x000000000800f2a8        0x8 obj/mlm32l0xx_it.o
                0x000000000800f2a8                RTC_IRQHandler
 .text.EXTI0_1_IRQHandler
                0x000000000800f2b0       0x10 obj/mlm32l0xx_it.o
                0x000000000800f2b0                EXTI0_1_IRQHandler
 .text.EXTI2_3_IRQHandler
                0x000000000800f2c0       0x10 obj/mlm32l0xx_it.o
                0x000000000800f2c0                EXTI2_3_IRQHandler
 .text.EXTI4_15_IRQHandler
                0x000000000800f2d0       0x5c obj/mlm32l0xx_it.o
                0x000000000800f2d0                EXTI4_15_IRQHandler
 .text.HW_GpioInit
                0x000000000800f32c       0xb8 obj/mlm32l0xx_hw.o
                0x000000000800f32c                HW_GpioInit
 .text.SystemClock_Config
                0x000000000800f3e4       0x9c obj/mlm32l0xx_hw.o
                0x000000000800f3e4                SystemClock_Config
 .text.HW_GetRandomSeed
                0x000000000800f480       0x20 obj/mlm32l0xx_hw.o
                0x000000000800f480                HW_GetRandomSeed
 .text.HW_GetUniqueId
                0x000000000800f4a0       0x54 obj/mlm32l0xx_hw.o
                0x000000000800f4a0                HW_GetUniqueId
 .text.HW_AdcInit
                0x000000000800f4f4       0x5c obj/mlm32l0xx_hw.o
                0x000000000800f4f4                HW_AdcInit
 .text.HW_Init  0x000000000800f550       0x4c obj/mlm32l0xx_hw.o
                0x000000000800f550                HW_Init
 .text.HW_AdcDeInit
                0x000000000800f59c       0x18 obj/mlm32l0xx_hw.o
                0x000000000800f59c                HW_AdcDeInit
 .text.HW_AdcReadChannel
                0x000000000800f5b4       0xa8 obj/mlm32l0xx_hw.o
                0x000000000800f5b4                HW_AdcReadChannel
 .text.HW_GetTemperatureLevel
                0x000000000800f65c       0x64 obj/mlm32l0xx_hw.o
                0x000000000800f65c                HW_GetTemperatureLevel
 .text.HW_GetBatteryLevel
                0x000000000800f6c0       0x2c obj/mlm32l0xx_hw.o
                0x000000000800f6c0                HW_GetBatteryLevel
 .text.LPM_EnterStopMode
                0x000000000800f6ec       0x7c obj/mlm32l0xx_hw.o
                0x000000000800f6ec                LPM_EnterStopMode
 .text.LPM_ExitStopMode
                0x000000000800f768       0x60 obj/mlm32l0xx_hw.o
                0x000000000800f768                LPM_ExitStopMode
 .text.LPM_EnterSleepMode
                0x000000000800f7c8        0xc obj/mlm32l0xx_hw.o
                0x000000000800f7c8                LPM_EnterSleepMode
 .text.SPI_WaitFlagStateUntilTimeout.constprop.0
                0x000000000800f7d4       0x84 obj/stm32l0xx_hal_spi.o
 .text.SPI_EndRxTxTransaction
                0x000000000800f858       0x3e obj/stm32l0xx_hal_spi.o
 .text.HAL_SPI_MspInit
                0x000000000800f896        0x2 obj/stm32l0xx_hal_spi.o
                0x000000000800f896                HAL_SPI_MspInit
 .text.HAL_SPI_Init
                0x000000000800f898       0x80 obj/stm32l0xx_hal_spi.o
                0x000000000800f898                HAL_SPI_Init
 .text.HAL_SPI_TransmitReceive
                0x000000000800f918      0x1ea obj/stm32l0xx_hal_spi.o
                0x000000000800f918                HAL_SPI_TransmitReceive
 *fill*         0x000000000800fb02        0x2 
 .text.UART_EndRxTransfer
                0x000000000800fb04       0x24 obj/stm32l0xx_hal_uart.o
 .text.HAL_UART_Transmit_DMA
                0x000000000800fb28       0xa4 obj/stm32l0xx_hal_uart.o
                0x000000000800fb28                HAL_UART_Transmit_DMA
 .text.UART_DMATransmitCplt
                0x000000000800fbcc       0x34 obj/stm32l0xx_hal_uart.o
 .text.HAL_UART_TxHalfCpltCallback
                0x000000000800fc00        0x2 obj/stm32l0xx_hal_uart.o
                0x000000000800fc00                HAL_UART_TxHalfCpltCallback
 .text.UART_DMATxHalfCplt
                0x000000000800fc02        0xa obj/stm32l0xx_hal_uart.o
 .text.HAL_UART_ErrorCallback
                0x000000000800fc0c        0x2 obj/stm32l0xx_hal_uart.o
                0x000000000800fc0c                HAL_UART_ErrorCallback
 .text.UART_DMAError
                0x000000000800fc0e       0x50 obj/stm32l0xx_hal_uart.o
 *fill*         0x000000000800fc5e        0x2 
 .text.HAL_UART_IRQHandler
                0x000000000800fc60      0x138 obj/stm32l0xx_hal_uart.o
                0x000000000800fc60                HAL_UART_IRQHandler
 .text.UART_DMAAbortOnError
                0x000000000800fd98       0x16 obj/stm32l0xx_hal_uart.o
 *fill*         0x000000000800fdae        0x2 
 .text.UART_SetConfig
                0x000000000800fdb0      0x270 obj/stm32l0xx_hal_uart.o
                0x000000000800fdb0                UART_SetConfig
 .text.UART_AdvFeatureConfig
                0x0000000008010020       0xd0 obj/stm32l0xx_hal_uart.o
                0x0000000008010020                UART_AdvFeatureConfig
 .text.UART_WaitOnFlagUntilTimeout
                0x00000000080100f0       0x5c obj/stm32l0xx_hal_uart.o
                0x00000000080100f0                UART_WaitOnFlagUntilTimeout
 .text.UART_CheckIdleState
                0x000000000801014c       0x60 obj/stm32l0xx_hal_uart.o
                0x000000000801014c                UART_CheckIdleState
 .text.HAL_UART_Init
                0x00000000080101ac       0x64 obj/stm32l0xx_hal_uart.o
                0x00000000080101ac                HAL_UART_Init
 .text.HAL_UARTEx_WakeupCallback
                0x0000000008010210        0x2 obj/stm32l0xx_hal_uart_ex.o
                0x0000000008010210                HAL_UARTEx_WakeupCallback
 *fill*         0x0000000008010212        0x2 
 .text.ADC_DelayMicroSecond
                0x0000000008010214       0x2c obj/stm32l0xx_hal_adc.o
 .text.ADC_Enable
                0x0000000008010240       0x70 obj/stm32l0xx_hal_adc.o
 .text.ADC_Disable
                0x00000000080102b0       0x68 obj/stm32l0xx_hal_adc.o
 .text.ADC_ConversionStop
                0x0000000008010318       0x52 obj/stm32l0xx_hal_adc.o
 .text.HAL_ADC_MspInit
                0x000000000801036a        0x2 obj/stm32l0xx_hal_adc.o
                0x000000000801036a                HAL_ADC_MspInit
 .text.HAL_ADC_Init
                0x000000000801036c      0x1b4 obj/stm32l0xx_hal_adc.o
                0x000000000801036c                HAL_ADC_Init
 .text.HAL_ADC_MspDeInit
                0x0000000008010520        0x2 obj/stm32l0xx_hal_adc.o
                0x0000000008010520                HAL_ADC_MspDeInit
 *fill*         0x0000000008010522        0x2 
 .text.HAL_ADC_DeInit
                0x0000000008010524       0xa8 obj/stm32l0xx_hal_adc.o
                0x0000000008010524                HAL_ADC_DeInit
 .text.HAL_ADC_Start
                0x00000000080105cc       0x58 obj/stm32l0xx_hal_adc.o
                0x00000000080105cc                HAL_ADC_Start
 .text.HAL_ADC_PollForConversion
                0x0000000008010624       0xbc obj/stm32l0xx_hal_adc.o
                0x0000000008010624                HAL_ADC_PollForConversion
 .text.HAL_ADC_GetValue
                0x00000000080106e0        0x6 obj/stm32l0xx_hal_adc.o
                0x00000000080106e0                HAL_ADC_GetValue
 *fill*         0x00000000080106e6        0x2 
 .text.HAL_ADC_ConfigChannel
                0x00000000080106e8       0xa8 obj/stm32l0xx_hal_adc.o
                0x00000000080106e8                HAL_ADC_ConfigChannel
 .text.HAL_ADCEx_Calibration_Start
                0x0000000008010790       0xa0 obj/stm32l0xx_hal_adc_ex.o
                0x0000000008010790                HAL_ADCEx_Calibration_Start
 .text.HAL_RCC_GetSysClockFreq
                0x0000000008010830       0x80 obj/stm32l0xx_hal_rcc.o
                0x0000000008010830                HAL_RCC_GetSysClockFreq
 .text.HAL_RCC_OscConfig
                0x00000000080108b0      0x510 obj/stm32l0xx_hal_rcc.o
                0x00000000080108b0                HAL_RCC_OscConfig
 .text.HAL_RCC_ClockConfig
                0x0000000008010dc0      0x170 obj/stm32l0xx_hal_rcc.o
                0x0000000008010dc0                HAL_RCC_ClockConfig
 .text.HAL_RCC_GetPCLK1Freq
                0x0000000008010f30       0x20 obj/stm32l0xx_hal_rcc.o
                0x0000000008010f30                HAL_RCC_GetPCLK1Freq
 .text.HAL_RCC_GetPCLK2Freq
                0x0000000008010f50       0x20 obj/stm32l0xx_hal_rcc.o
                0x0000000008010f50                HAL_RCC_GetPCLK2Freq
 .text.HAL_RCCEx_PeriphCLKConfig
                0x0000000008010f70      0x1bc obj/stm32l0xx_hal_rcc_ex.o
                0x0000000008010f70                HAL_RCCEx_PeriphCLKConfig
 .text.HAL_Init
                0x000000000801112c       0x28 obj/stm32l0xx_hal.o
                0x000000000801112c                HAL_Init
 .text.HAL_IncTick
                0x0000000008011154       0x10 obj/stm32l0xx_hal.o
                0x0000000008011154                HAL_IncTick
 .text.HAL_GetTick
                0x0000000008011164        0xc obj/stm32l0xx_hal.o
                0x0000000008011164                HAL_GetTick
 .text.HAL_DBGMCU_DisableDBGSleepMode
                0x0000000008011170       0x10 obj/stm32l0xx_hal.o
                0x0000000008011170                HAL_DBGMCU_DisableDBGSleepMode
 .text.HAL_DBGMCU_DisableDBGStopMode
                0x0000000008011180       0x10 obj/stm32l0xx_hal.o
                0x0000000008011180                HAL_DBGMCU_DisableDBGStopMode
 .text.HAL_DBGMCU_DisableDBGStandbyMode
                0x0000000008011190       0x10 obj/stm32l0xx_hal.o
                0x0000000008011190                HAL_DBGMCU_DisableDBGStandbyMode
 .text.HAL_NVIC_SetPriority
                0x00000000080111a0       0x54 obj/stm32l0xx_hal_cortex.o
                0x00000000080111a0                HAL_NVIC_SetPriority
 .text.HAL_NVIC_EnableIRQ
                0x00000000080111f4       0x18 obj/stm32l0xx_hal_cortex.o
                0x00000000080111f4                HAL_NVIC_EnableIRQ
 .text.HAL_GPIO_Init
                0x000000000801120c      0x17c obj/stm32l0xx_hal_gpio.o
                0x000000000801120c                HAL_GPIO_Init
 .text.HAL_GPIO_WritePin
                0x0000000008011388        0xc obj/stm32l0xx_hal_gpio.o
                0x0000000008011388                HAL_GPIO_WritePin
 .text.HAL_GPIO_EXTI_IRQHandler
                0x0000000008011394       0x18 obj/stm32l0xx_hal_gpio.o
                0x0000000008011394                HAL_GPIO_EXTI_IRQHandler
 .text.HAL_DMA_Init
                0x00000000080113ac       0x88 obj/stm32l0xx_hal_dma.o
                0x00000000080113ac                HAL_DMA_Init
 .text.HAL_DMA_Start_IT
                0x0000000008011434       0x80 obj/stm32l0xx_hal_dma.o
                0x0000000008011434                HAL_DMA_Start_IT
 .text.HAL_DMA_Abort_IT
                0x00000000080114b4       0x4a obj/stm32l0xx_hal_dma.o
                0x00000000080114b4                HAL_DMA_Abort_IT
 .text.HAL_DMA_IRQHandler
                0x00000000080114fe       0x96 obj/stm32l0xx_hal_dma.o
                0x00000000080114fe                HAL_DMA_IRQHandler
 .text.HAL_PWR_DisablePVD
                0x0000000008011594       0x10 obj/stm32l0xx_hal_pwr.o
                0x0000000008011594                HAL_PWR_DisablePVD
 .text.HAL_PWR_EnterSLEEPMode
                0x00000000080115a4       0x34 obj/stm32l0xx_hal_pwr.o
                0x00000000080115a4                HAL_PWR_EnterSLEEPMode
 .text.HAL_PWR_EnterSTOPMode
                0x00000000080115d8       0x38 obj/stm32l0xx_hal_pwr.o
                0x00000000080115d8                HAL_PWR_EnterSTOPMode
 .text.HAL_PWREx_EnableFastWakeUp
                0x0000000008011610       0x14 obj/stm32l0xx_hal_pwr_ex.o
                0x0000000008011610                HAL_PWREx_EnableFastWakeUp
 .text.HAL_PWREx_EnableUltraLowPower
                0x0000000008011624       0x14 obj/stm32l0xx_hal_pwr_ex.o
                0x0000000008011624                HAL_PWREx_EnableUltraLowPower
 .text.HAL_RTC_DeactivateAlarm
                0x0000000008011638       0xc4 obj/stm32l0xx_hal_rtc.o
                0x0000000008011638                HAL_RTC_DeactivateAlarm
 .text.HAL_RTC_WaitForSynchro
                0x00000000080116fc       0x34 obj/stm32l0xx_hal_rtc.o
                0x00000000080116fc                HAL_RTC_WaitForSynchro
 .text.RTC_EnterInitMode
                0x0000000008011730       0x38 obj/stm32l0xx_hal_rtc.o
                0x0000000008011730                RTC_EnterInitMode
 .text.HAL_RTC_Init
                0x0000000008011768       0xb8 obj/stm32l0xx_hal_rtc.o
                0x0000000008011768                HAL_RTC_Init
 .text.RTC_ByteToBcd2
                0x0000000008011820       0x16 obj/stm32l0xx_hal_rtc.o
                0x0000000008011820                RTC_ByteToBcd2
 *fill*         0x0000000008011836        0x2 
 .text.HAL_RTC_SetTime
                0x0000000008011838      0x10c obj/stm32l0xx_hal_rtc.o
                0x0000000008011838                HAL_RTC_SetTime
 .text.HAL_RTC_SetDate
                0x0000000008011944       0xd8 obj/stm32l0xx_hal_rtc.o
                0x0000000008011944                HAL_RTC_SetDate
 .text.HAL_RTC_SetAlarm_IT
                0x0000000008011a1c      0x1ac obj/stm32l0xx_hal_rtc.o
                0x0000000008011a1c                HAL_RTC_SetAlarm_IT
 .text.RTC_Bcd2ToByte
                0x0000000008011bc8       0x12 obj/stm32l0xx_hal_rtc.o
                0x0000000008011bc8                RTC_Bcd2ToByte
 *fill*         0x0000000008011bda        0x2 
 .text.HAL_RTC_GetTime
                0x0000000008011bdc       0x54 obj/stm32l0xx_hal_rtc.o
                0x0000000008011bdc                HAL_RTC_GetTime
 .text.HAL_RTC_GetDate
                0x0000000008011c30       0x44 obj/stm32l0xx_hal_rtc.o
                0x0000000008011c30                HAL_RTC_GetDate
 .text.HAL_RTCEx_BKUPWrite
                0x0000000008011c74        0xc obj/stm32l0xx_hal_rtc_ex.o
                0x0000000008011c74                HAL_RTCEx_BKUPWrite
 .text.HAL_RTCEx_BKUPRead
                0x0000000008011c80        0xc obj/stm32l0xx_hal_rtc_ex.o
                0x0000000008011c80                HAL_RTCEx_BKUPRead
 .text.HAL_RTCEx_EnableBypassShadow
                0x0000000008011c8c       0x34 obj/stm32l0xx_hal_rtc_ex.o
                0x0000000008011c8c                HAL_RTCEx_EnableBypassShadow
 .text.I2C_Flush_TXDR
                0x0000000008011cc0       0x1c obj/stm32l0xx_hal_i2c.o
 .text.I2C_TransferConfig
                0x0000000008011cdc       0x28 obj/stm32l0xx_hal_i2c.o
 .text.I2C_IsAcknowledgeFailed
                0x0000000008011d04       0x7c obj/stm32l0xx_hal_i2c.o
 .text.I2C_WaitOnSTOPFlagUntilTimeout
                0x0000000008011d80       0x50 obj/stm32l0xx_hal_i2c.o
 .text.I2C_WaitOnFlagUntilTimeout
                0x0000000008011dd0       0x50 obj/stm32l0xx_hal_i2c.o
 .text.I2C_WaitOnTXISFlagUntilTimeout
                0x0000000008011e20       0x54 obj/stm32l0xx_hal_i2c.o
 .text.I2C_RequestMemoryWrite
                0x0000000008011e74       0x68 obj/stm32l0xx_hal_i2c.o
 .text.I2C_RequestMemoryRead
                0x0000000008011edc       0x64 obj/stm32l0xx_hal_i2c.o
 .text.HAL_I2C_MspInit
                0x0000000008011f40        0x2 obj/stm32l0xx_hal_i2c.o
                0x0000000008011f40                HAL_I2C_MspInit
 *fill*         0x0000000008011f42        0x2 
 .text.HAL_I2C_Init
                0x0000000008011f44       0xac obj/stm32l0xx_hal_i2c.o
                0x0000000008011f44                HAL_I2C_Init
 .text.HAL_I2C_MspDeInit
                0x0000000008011ff0        0x2 obj/stm32l0xx_hal_i2c.o
                0x0000000008011ff0                HAL_I2C_MspDeInit
 .text.HAL_I2C_DeInit
                0x0000000008011ff2       0x34 obj/stm32l0xx_hal_i2c.o
                0x0000000008011ff2                HAL_I2C_DeInit
 *fill*         0x0000000008012026        0x2 
 .text.HAL_I2C_Mem_Write
                0x0000000008012028      0x174 obj/stm32l0xx_hal_i2c.o
                0x0000000008012028                HAL_I2C_Mem_Write
 .text.HAL_I2C_Mem_Read
                0x000000000801219c      0x188 obj/stm32l0xx_hal_i2c.o
                0x000000000801219c                HAL_I2C_Mem_Read
 .text.HAL_I2C_GetState
                0x0000000008012324        0x8 obj/stm32l0xx_hal_i2c.o
                0x0000000008012324                HAL_I2C_GetState
 .text.MlmeIndication
                0x000000000801232c       0x18 obj/lora.o
 .text.McpsIndication
                0x0000000008012344       0x5c obj/lora.o
 .text.McpsConfirm
                0x00000000080123a0       0x1e obj/lora.o
 *fill*         0x00000000080123be        0x2 
 .text.LORA_Init
                0x00000000080123c0      0x22c obj/lora.o
                0x00000000080123c0                LORA_Init
 .text.LORA_Join
                0x00000000080125ec       0xb0 obj/lora.o
                0x00000000080125ec                LORA_Join
 .text.MlmeConfirm
                0x000000000801269c       0x40 obj/lora.o
 .text.LORA_JoinStatus
                0x00000000080126dc       0x1e obj/lora.o
                0x00000000080126dc                LORA_JoinStatus
 *fill*         0x00000000080126fa        0x2 
 .text.LORA_send
                0x00000000080126fc       0x70 obj/lora.o
                0x00000000080126fc                LORA_send
 .text.LORA_RequestClass
                0x000000000801276c       0x7c obj/lora.o
                0x000000000801276c                LORA_RequestClass
 .text.certif_tx
                0x00000000080127e8       0xb4 obj/lora-test.o
 .text.OnCertifTxNextPacketTimerEvent
                0x000000000801289c        0x8 obj/lora-test.o
 .text.certif_running
                0x00000000080128a4        0xc obj/lora-test.o
                0x00000000080128a4                certif_running
 .text.certif_DownLinkIncrement
                0x00000000080128b0       0x10 obj/lora-test.o
                0x00000000080128b0                certif_DownLinkIncrement
 .text.certif_linkCheck
                0x00000000080128c0       0x20 obj/lora-test.o
                0x00000000080128c0                certif_linkCheck
 .text.certif_rx
                0x00000000080128e0      0x1a0 obj/lora-test.o
                0x00000000080128e0                certif_rx
 .text.OnRadioRxError
                0x0000000008012a80       0x2c obj/LoRaMac.o
 .text.UpdateRxSlotIdleState
                0x0000000008012aac       0x20 obj/LoRaMac.o
 .text.StopRetransmission
                0x0000000008012acc       0x60 obj/LoRaMac.o
 .text.CallNvmCtxCallback
                0x0000000008012b2c       0x1c obj/LoRaMac.o
 .text.EventMacNvmCtxChanged
                0x0000000008012b48        0xa obj/LoRaMac.o
 .text.EventRegionNvmCtxChanged
                0x0000000008012b52        0xa obj/LoRaMac.o
 .text.EventCryptoNvmCtxChanged
                0x0000000008012b5c        0xa obj/LoRaMac.o
 .text.EventSecureElementNvmCtxChanged
                0x0000000008012b66        0xa obj/LoRaMac.o
 .text.EventCommandsNvmCtxChanged
                0x0000000008012b70        0xa obj/LoRaMac.o
 .text.EventClassBNvmCtxChanged
                0x0000000008012b7a        0xa obj/LoRaMac.o
 .text.EventConfirmQueueNvmCtxChanged
                0x0000000008012b84        0xa obj/LoRaMac.o
 *fill*         0x0000000008012b8e        0x2 
 .text.GetMaxAppPayloadWithoutFOptsLength
                0x0000000008012b90       0x3c obj/LoRaMac.o
 .text.OnAckTimeoutTimerEvent
                0x0000000008012bcc       0x5c obj/LoRaMac.o
 .text.PrepareRxDoneAbort
                0x0000000008012c28       0x3c obj/LoRaMac.o
 .text.HandleRadioRxErrorTimeout
                0x0000000008012c64       0xcc obj/LoRaMac.o
 .text.ResetMacParameters
                0x0000000008012d30       0xd4 obj/LoRaMac.o
 .text.OnRadioRxTimeout
                0x0000000008012e04       0x4c obj/LoRaMac.o
 .text.OnRadioTxTimeout
                0x0000000008012e50       0x4c obj/LoRaMac.o
 .text.OnRadioRxDone
                0x0000000008012e9c       0x68 obj/LoRaMac.o
 .text.OnRadioTxDone
                0x0000000008012f04       0x70 obj/LoRaMac.o
 .text.OpenContinuousRxCWindow
                0x0000000008012f74       0x50 obj/LoRaMac.o
 .text.SwitchClass
                0x0000000008012fc4      0x138 obj/LoRaMac.o
 .text.RxWindowSetup.constprop.0
                0x00000000080130fc       0x4c obj/LoRaMac.o
 .text.OnRxWindow1TimerEvent
                0x0000000008013148       0x60 obj/LoRaMac.o
 .text.OnRxWindow2TimerEvent
                0x00000000080131a8       0x6c obj/LoRaMac.o
 .text.ProcessMacCommands.isra.0.constprop.0
                0x0000000008013214      0x528 obj/LoRaMac.o
 .text.LoRaMacIsBusy
                0x000000000801373c       0x24 obj/LoRaMac.o
                0x000000000801373c                LoRaMacIsBusy
 .text.PrepareFrame
                0x0000000008013760      0x188 obj/LoRaMac.o
                0x0000000008013760                PrepareFrame
 .text.SendFrameOnChannel
                0x00000000080138e8      0x118 obj/LoRaMac.o
                0x00000000080138e8                SendFrameOnChannel
 .text.ScheduleTx
                0x0000000008013a00      0x264 obj/LoRaMac.o
 .text.OnTxDelayedTimerEvent
                0x0000000008013c64       0x64 obj/LoRaMac.o
 .text.Send     0x0000000008013cc8      0x118 obj/LoRaMac.o
                0x0000000008013cc8                Send
 .text.SendReJoinReq
                0x0000000008013de0       0x58 obj/LoRaMac.o
                0x0000000008013de0                SendReJoinReq
 .text.SetTxContinuousWave
                0x0000000008013e38       0x5c obj/LoRaMac.o
                0x0000000008013e38                SetTxContinuousWave
 .text.SetTxContinuousWave1
                0x0000000008013e94       0x2c obj/LoRaMac.o
                0x0000000008013e94                SetTxContinuousWave1
 .text.GetCtxs  0x0000000008013ec0       0x78 obj/LoRaMac.o
                0x0000000008013ec0                GetCtxs
 .text.RestoreCtxs
                0x0000000008013f38       0x90 obj/LoRaMac.o
                0x0000000008013f38                RestoreCtxs
 .text.DetermineFrameType
                0x0000000008013fc8       0x52 obj/LoRaMac.o
                0x0000000008013fc8                DetermineFrameType
 *fill*         0x000000000801401a        0x2 
 .text.LoRaMacProcess
                0x000000000801401c      0x9d4 obj/LoRaMac.o
                0x000000000801401c                LoRaMacProcess
 .text.LoRaMacInitialization
                0x00000000080149f0      0x3dc obj/LoRaMac.o
                0x00000000080149f0                LoRaMacInitialization
 .text.LoRaMacStart
                0x0000000008014dcc       0x10 obj/LoRaMac.o
                0x0000000008014dcc                LoRaMacStart
 .text.LoRaMacQueryTxPossible
                0x0000000008014ddc       0xb4 obj/LoRaMac.o
                0x0000000008014ddc                LoRaMacQueryTxPossible
 .text.LoRaMacMibGetRequestConfirm
                0x0000000008014e90      0x1bc obj/LoRaMac.o
                0x0000000008014e90                LoRaMacMibGetRequestConfirm
 .text.LoRaMacMibSetRequestConfirm
                0x000000000801504c      0x484 obj/LoRaMac.o
                0x000000000801504c                LoRaMacMibSetRequestConfirm
 .text.LoRaMacMlmeRequest
                0x00000000080154d0      0x178 obj/LoRaMac.o
                0x00000000080154d0                LoRaMacMlmeRequest
 .text.LoRaMacMcpsRequest
                0x0000000008015648      0x168 obj/LoRaMac.o
                0x0000000008015648                LoRaMacMcpsRequest
 .text.GetLastFcntDown
                0x00000000080157b0       0x54 obj/LoRaMacCrypto.o
 .text.DummyCB  0x0000000008015804        0x2 obj/LoRaMacCrypto.o
 .text.PayloadEncrypt
                0x0000000008015806       0xb4 obj/LoRaMacCrypto.o
 *fill*         0x00000000080158ba        0x2 
 .text.DeriveSessionKey10x
                0x00000000080158bc       0x68 obj/LoRaMacCrypto.o
 .text.LoRaMacCryptoDeriveMcKEKey.part.0
                0x0000000008015924       0x2c obj/LoRaMacCrypto.o
 .text.VerifyCmacB0.constprop.0
                0x0000000008015950       0xa0 obj/LoRaMacCrypto.o
 .text.LoRaMacCryptoInit
                0x00000000080159f0       0x54 obj/LoRaMacCrypto.o
                0x00000000080159f0                LoRaMacCryptoInit
 .text.LoRaMacCryptoSetLrWanVersion
                0x0000000008015a44       0x10 obj/LoRaMacCrypto.o
                0x0000000008015a44                LoRaMacCryptoSetLrWanVersion
 .text.LoRaMacCryptoRestoreNvmCtx
                0x0000000008015a54       0x1c obj/LoRaMacCrypto.o
                0x0000000008015a54                LoRaMacCryptoRestoreNvmCtx
 .text.LoRaMacCryptoGetNvmCtx
                0x0000000008015a70        0xc obj/LoRaMacCrypto.o
                0x0000000008015a70                LoRaMacCryptoGetNvmCtx
 .text.LoRaMacCryptoGetFCntUp
                0x0000000008015a7c       0x1c obj/LoRaMacCrypto.o
                0x0000000008015a7c                LoRaMacCryptoGetFCntUp
 .text.LoRaMacCryptoGetFCntDown
                0x0000000008015a98       0x7c obj/LoRaMacCrypto.o
                0x0000000008015a98                LoRaMacCryptoGetFCntDown
 .text.LoRaMacCryptoSetMulticastReference
                0x0000000008015b14       0x28 obj/LoRaMacCrypto.o
                0x0000000008015b14                LoRaMacCryptoSetMulticastReference
 .text.LoRaMacCryptoPrepareJoinRequest
                0x0000000008015b3c       0x60 obj/LoRaMacCrypto.o
                0x0000000008015b3c                LoRaMacCryptoPrepareJoinRequest
 .text.LoRaMacCryptoSecureMessage
                0x0000000008015b9c       0xbc obj/LoRaMacCrypto.o
                0x0000000008015b9c                LoRaMacCryptoSecureMessage
 .text.LoRaMacCryptoUnsecureMessage
                0x0000000008015c58       0xfc obj/LoRaMacCrypto.o
                0x0000000008015c58                LoRaMacCryptoUnsecureMessage
 .text.LoRaMacCryptoDeriveMcRootKey
                0x0000000008015d54       0x50 obj/LoRaMacCrypto.o
                0x0000000008015d54                LoRaMacCryptoDeriveMcRootKey
 .text.LoRaMacCryptoSetKey
                0x0000000008015da4       0x28 obj/LoRaMacCrypto.o
                0x0000000008015da4                LoRaMacCryptoSetKey
 .text.LoRaMacCryptoHandleJoinAccept
                0x0000000008015dcc      0x168 obj/LoRaMacCrypto.o
                0x0000000008015dcc                LoRaMacCryptoHandleJoinAccept
 .text.LoRaMacAdrCalcNext
                0x0000000008015f34       0xd4 obj/LoRaMacAdr.o
                0x0000000008015f34                LoRaMacAdrCalcNext
 .text.LoRaMacClassBInit
                0x0000000008016008        0x2 obj/LoRaMacClassB.o
                0x0000000008016008                LoRaMacClassBInit
 .text.LoRaMacClassBRestoreNvmCtx
                0x000000000801600a        0x4 obj/LoRaMacClassB.o
                0x000000000801600a                LoRaMacClassBRestoreNvmCtx
 .text.LoRaMacClassBGetNvmCtx
                0x000000000801600e        0x8 obj/LoRaMacClassB.o
                0x000000000801600e                LoRaMacClassBGetNvmCtx
 .text.LoRaMacClassBSetBeaconState
                0x0000000008016016        0x2 obj/LoRaMacClassB.o
                0x0000000008016016                LoRaMacClassBSetBeaconState
 .text.LoRaMacClassBSetPingSlotState
                0x0000000008016018        0x2 obj/LoRaMacClassB.o
                0x0000000008016018                LoRaMacClassBSetPingSlotState
 .text.LoRaMacClassBSetMulticastSlotState
                0x000000000801601a        0x2 obj/LoRaMacClassB.o
                0x000000000801601a                LoRaMacClassBSetMulticastSlotState
 .text.LoRaMacClassBIsAcquisitionInProgress
                0x000000000801601c        0x4 obj/LoRaMacClassB.o
                0x000000000801601c                LoRaMacClassBIsAcquisitionInProgress
 .text.LoRaMacClassBBeaconTimerEvent
                0x0000000008016020        0x2 obj/LoRaMacClassB.o
                0x0000000008016020                LoRaMacClassBBeaconTimerEvent
 .text.LoRaMacClassBPingSlotTimerEvent
                0x0000000008016022        0x2 obj/LoRaMacClassB.o
                0x0000000008016022                LoRaMacClassBPingSlotTimerEvent
 .text.LoRaMacClassBMulticastSlotTimerEvent
                0x0000000008016024        0x2 obj/LoRaMacClassB.o
                0x0000000008016024                LoRaMacClassBMulticastSlotTimerEvent
 .text.LoRaMacClassBRxBeacon
                0x0000000008016026        0x4 obj/LoRaMacClassB.o
                0x0000000008016026                LoRaMacClassBRxBeacon
 .text.LoRaMacClassBIsBeaconExpected
                0x000000000801602a        0x4 obj/LoRaMacClassB.o
                0x000000000801602a                LoRaMacClassBIsBeaconExpected
 .text.LoRaMacClassBIsPingExpected
                0x000000000801602e        0x4 obj/LoRaMacClassB.o
                0x000000000801602e                LoRaMacClassBIsPingExpected
 .text.LoRaMacClassBIsMulticastExpected
                0x0000000008016032        0x4 obj/LoRaMacClassB.o
                0x0000000008016032                LoRaMacClassBIsMulticastExpected
 .text.LoRaMacClassBIsBeaconModeActive
                0x0000000008016036        0x4 obj/LoRaMacClassB.o
                0x0000000008016036                LoRaMacClassBIsBeaconModeActive
 .text.LoRaMacClassBSetPingSlotInfo
                0x000000000801603a        0x2 obj/LoRaMacClassB.o
                0x000000000801603a                LoRaMacClassBSetPingSlotInfo
 .text.LoRaMacClassBHaltBeaconing
                0x000000000801603c        0x2 obj/LoRaMacClassB.o
                0x000000000801603c                LoRaMacClassBHaltBeaconing
 .text.LoRaMacClassBResumeBeaconing
                0x000000000801603e        0x2 obj/LoRaMacClassB.o
                0x000000000801603e                LoRaMacClassBResumeBeaconing
 .text.LoRaMacClassBSwitchClass
                0x0000000008016040        0x4 obj/LoRaMacClassB.o
                0x0000000008016040                LoRaMacClassBSwitchClass
 .text.LoRaMacClassBMibGetRequestConfirm
                0x0000000008016044        0x4 obj/LoRaMacClassB.o
                0x0000000008016044                LoRaMacClassBMibGetRequestConfirm
 .text.LoRaMacMibClassBSetRequestConfirm
                0x0000000008016048        0x4 obj/LoRaMacClassB.o
                0x0000000008016048                LoRaMacMibClassBSetRequestConfirm
 .text.LoRaMacClassBPingSlotInfoAns
                0x000000000801604c        0x2 obj/LoRaMacClassB.o
                0x000000000801604c                LoRaMacClassBPingSlotInfoAns
 .text.LoRaMacClassBPingSlotChannelReq
                0x000000000801604e        0x4 obj/LoRaMacClassB.o
                0x000000000801604e                LoRaMacClassBPingSlotChannelReq
 .text.LoRaMacClassBBeaconTimingAns
                0x0000000008016052        0x2 obj/LoRaMacClassB.o
                0x0000000008016052                LoRaMacClassBBeaconTimingAns
 .text.LoRaMacClassBDeviceTimeAns
                0x0000000008016054        0x2 obj/LoRaMacClassB.o
                0x0000000008016054                LoRaMacClassBDeviceTimeAns
 .text.LoRaMacClassBBeaconFreqReq
                0x0000000008016056        0x4 obj/LoRaMacClassB.o
                0x0000000008016056                LoRaMacClassBBeaconFreqReq
 .text.LoRaMacClassBIsUplinkCollision
                0x000000000801605a        0x4 obj/LoRaMacClassB.o
                0x000000000801605a                LoRaMacClassBIsUplinkCollision
 .text.LoRaMacClassBStopRxSlots
                0x000000000801605e        0x2 obj/LoRaMacClassB.o
                0x000000000801605e                LoRaMacClassBStopRxSlots
 .text.LoRaMacClassBProcess
                0x0000000008016060        0x2 obj/LoRaMacClassB.o
                0x0000000008016060                LoRaMacClassBProcess
 *fill*         0x0000000008016062        0x2 
 .text.NvmCtxCallback
                0x0000000008016064       0x14 obj/LoRaMacCommands.o
 .text.LoRaMacCommandsInit
                0x0000000008016078       0x24 obj/LoRaMacCommands.o
                0x0000000008016078                LoRaMacCommandsInit
 .text.LoRaMacCommandsRestoreNvmCtx
                0x000000000801609c       0x1c obj/LoRaMacCommands.o
                0x000000000801609c                LoRaMacCommandsRestoreNvmCtx
 .text.LoRaMacCommandsGetNvmCtx
                0x00000000080160b8        0xc obj/LoRaMacCommands.o
                0x00000000080160b8                LoRaMacCommandsGetNvmCtx
 .text.LoRaMacCommandsAddCmd
                0x00000000080160c4       0xa0 obj/LoRaMacCommands.o
                0x00000000080160c4                LoRaMacCommandsAddCmd
 .text.LoRaMacCommandsRemoveCmd
                0x0000000008016164       0x58 obj/LoRaMacCommands.o
                0x0000000008016164                LoRaMacCommandsRemoveCmd
 .text.LoRaMacCommandsRemoveNoneStickyCmds
                0x00000000080161bc       0x28 obj/LoRaMacCommands.o
                0x00000000080161bc                LoRaMacCommandsRemoveNoneStickyCmds
 .text.LoRaMacCommandsRemoveStickyAnsCmds
                0x00000000080161e4       0x38 obj/LoRaMacCommands.o
                0x00000000080161e4                LoRaMacCommandsRemoveStickyAnsCmds
 .text.LoRaMacCommandsGetSizeSerializedCmds
                0x000000000801621c       0x18 obj/LoRaMacCommands.o
                0x000000000801621c                LoRaMacCommandsGetSizeSerializedCmds
 .text.LoRaMacCommandsSerializeCmds
                0x0000000008016234       0x4c obj/LoRaMacCommands.o
                0x0000000008016234                LoRaMacCommandsSerializeCmds
 .text.LoRaMacCommandsStickyCmdsPending
                0x0000000008016280       0x2c obj/LoRaMacCommands.o
                0x0000000008016280                LoRaMacCommandsStickyCmdsPending
 .text.LoRaMacConfirmQueueInit
                0x00000000080162ac       0x30 obj/LoRaMacConfirmQueue.o
                0x00000000080162ac                LoRaMacConfirmQueueInit
 .text.LoRaMacConfirmQueueRestoreNvmCtx
                0x00000000080162dc       0x1c obj/LoRaMacConfirmQueue.o
                0x00000000080162dc                LoRaMacConfirmQueueRestoreNvmCtx
 .text.LoRaMacConfirmQueueGetNvmCtx
                0x00000000080162f8        0xc obj/LoRaMacConfirmQueue.o
                0x00000000080162f8                LoRaMacConfirmQueueGetNvmCtx
 .text.LoRaMacConfirmQueueAdd
                0x0000000008016304       0x40 obj/LoRaMacConfirmQueue.o
                0x0000000008016304                LoRaMacConfirmQueueAdd
 .text.LoRaMacConfirmQueueRemoveFirst
                0x0000000008016344       0x28 obj/LoRaMacConfirmQueue.o
                0x0000000008016344                LoRaMacConfirmQueueRemoveFirst
 .text.LoRaMacConfirmQueueSetStatus
                0x000000000801636c       0x3c obj/LoRaMacConfirmQueue.o
                0x000000000801636c                LoRaMacConfirmQueueSetStatus
 .text.LoRaMacConfirmQueueGetStatus
                0x00000000080163a8       0x40 obj/LoRaMacConfirmQueue.o
                0x00000000080163a8                LoRaMacConfirmQueueGetStatus
 .text.LoRaMacConfirmQueueSetStatusCmn
                0x00000000080163e8       0x38 obj/LoRaMacConfirmQueue.o
                0x00000000080163e8                LoRaMacConfirmQueueSetStatusCmn
 .text.LoRaMacConfirmQueueIsCmdActive
                0x0000000008016420       0x34 obj/LoRaMacConfirmQueue.o
                0x0000000008016420                LoRaMacConfirmQueueIsCmdActive
 .text.LoRaMacConfirmQueueHandleCb
                0x0000000008016454       0x58 obj/LoRaMacConfirmQueue.o
                0x0000000008016454                LoRaMacConfirmQueueHandleCb
 .text.LoRaMacConfirmQueueGetCnt
                0x00000000080164ac        0xc obj/LoRaMacConfirmQueue.o
                0x00000000080164ac                LoRaMacConfirmQueueGetCnt
 .text.LoRaMacConfirmQueueIsFull
                0x00000000080164b8       0x14 obj/LoRaMacConfirmQueue.o
                0x00000000080164b8                LoRaMacConfirmQueueIsFull
 .text.LoRaMacParserJoinAccept
                0x00000000080164cc       0x98 obj/LoRaMacParser.o
                0x00000000080164cc                LoRaMacParserJoinAccept
 .text.LoRaMacParserData
                0x0000000008016564       0xb6 obj/LoRaMacParser.o
                0x0000000008016564                LoRaMacParserData
 .text.LoRaMacSerializerJoinRequest
                0x000000000801661a       0x6a obj/LoRaMacSerializer.o
                0x000000000801661a                LoRaMacSerializerJoinRequest
 .text.LoRaMacSerializerData
                0x0000000008016684       0xde obj/LoRaMacSerializer.o
                0x0000000008016684                LoRaMacSerializerData
 .text.RegionIsActive
                0x0000000008016762        0xa obj/Region.o
                0x0000000008016762                RegionIsActive
 .text.RegionGetPhyParam
                0x000000000801676c       0x18 obj/Region.o
                0x000000000801676c                RegionGetPhyParam
 .text.RegionSetBandTxDone
                0x0000000008016784        0xe obj/Region.o
                0x0000000008016784                RegionSetBandTxDone
 .text.RegionInitDefaults
                0x0000000008016792        0xe obj/Region.o
                0x0000000008016792                RegionInitDefaults
 .text.RegionGetNvmCtx
                0x00000000080167a0       0x14 obj/Region.o
                0x00000000080167a0                RegionGetNvmCtx
 .text.RegionVerify
                0x00000000080167b4       0x18 obj/Region.o
                0x00000000080167b4                RegionVerify
 .text.RegionApplyCFList
                0x00000000080167cc        0xe obj/Region.o
                0x00000000080167cc                RegionApplyCFList
 .text.RegionChanMaskSet
                0x00000000080167da       0x14 obj/Region.o
                0x00000000080167da                RegionChanMaskSet
 .text.RegionComputeRxWindowParameters
                0x00000000080167ee       0x16 obj/Region.o
                0x00000000080167ee                RegionComputeRxWindowParameters
 .text.RegionRxConfig
                0x0000000008016804       0x18 obj/Region.o
                0x0000000008016804                RegionRxConfig
 .text.RegionTxConfig
                0x000000000801681c       0x1a obj/Region.o
                0x000000000801681c                RegionTxConfig
 .text.RegionLinkAdrReq
                0x0000000008016836       0x20 obj/Region.o
                0x0000000008016836                RegionLinkAdrReq
 .text.RegionRxParamSetupReq
                0x0000000008016856       0x14 obj/Region.o
                0x0000000008016856                RegionRxParamSetupReq
 .text.RegionNewChannelReq
                0x000000000801686a       0x14 obj/Region.o
                0x000000000801686a                RegionNewChannelReq
 .text.RegionTxParamSetupReq
                0x000000000801687e       0x14 obj/Region.o
                0x000000000801687e                RegionTxParamSetupReq
 .text.RegionDlChannelReq
                0x0000000008016892       0x14 obj/Region.o
                0x0000000008016892                RegionDlChannelReq
 .text.RegionAlternateDr
                0x00000000080168a6       0x18 obj/Region.o
                0x00000000080168a6                RegionAlternateDr
 .text.RegionCalcBackOff
                0x00000000080168be        0xe obj/Region.o
                0x00000000080168be                RegionCalcBackOff
 .text.RegionNextChannel
                0x00000000080168cc       0x1c obj/Region.o
                0x00000000080168cc                RegionNextChannel
 .text.RegionSetContinuousWave
                0x00000000080168e8        0xe obj/Region.o
                0x00000000080168e8                RegionSetContinuousWave
 .text.RegionApplyDrOffset
                0x00000000080168f6       0x1a obj/Region.o
                0x00000000080168f6                RegionApplyDrOffset
 .text.RegionCommonGetJoinDc
                0x0000000008016910       0x30 obj/RegionCommon.o
                0x0000000008016910                RegionCommonGetJoinDc
 .text.RegionCommonChanVerifyDr
                0x0000000008016940       0x78 obj/RegionCommon.o
                0x0000000008016940                RegionCommonChanVerifyDr
 .text.RegionCommonValueInRange
                0x00000000080169b8       0x14 obj/RegionCommon.o
                0x00000000080169b8                RegionCommonValueInRange
 .text.RegionCommonChanDisable
                0x00000000080169cc       0x28 obj/RegionCommon.o
                0x00000000080169cc                RegionCommonChanDisable
 .text.RegionCommonCountChannels
                0x00000000080169f4       0x3e obj/RegionCommon.o
                0x00000000080169f4                RegionCommonCountChannels
 .text.RegionCommonChanMaskCopy
                0x0000000008016a32       0x1c obj/RegionCommon.o
                0x0000000008016a32                RegionCommonChanMaskCopy
 .text.RegionCommonSetBandTxDone
                0x0000000008016a4e        0xc obj/RegionCommon.o
                0x0000000008016a4e                RegionCommonSetBandTxDone
 .text.RegionCommonUpdateBandTimeOff
                0x0000000008016a5a       0x74 obj/RegionCommon.o
                0x0000000008016a5a                RegionCommonUpdateBandTimeOff
 .text.RegionCommonParseLinkAdrReq
                0x0000000008016ace       0x36 obj/RegionCommon.o
                0x0000000008016ace                RegionCommonParseLinkAdrReq
 .text.RegionCommonLinkAdrReqVerifyParams
                0x0000000008016b04       0x8c obj/RegionCommon.o
                0x0000000008016b04                RegionCommonLinkAdrReqVerifyParams
 .text.RegionCommonComputeSymbolTimeLoRa
                0x0000000008016b90       0x34 obj/RegionCommon.o
                0x0000000008016b90                RegionCommonComputeSymbolTimeLoRa
 .text.RegionCommonComputeRxWindowParameters
                0x0000000008016bc4       0xc0 obj/RegionCommon.o
                0x0000000008016bc4                RegionCommonComputeRxWindowParameters
 .text.RegionCommonComputeTxPower
                0x0000000008016c84       0x2a obj/RegionCommon.o
                0x0000000008016c84                RegionCommonComputeTxPower
 .text.RegionCommonCalcBackOff
                0x0000000008016cae       0x56 obj/RegionCommon.o
                0x0000000008016cae                RegionCommonCalcBackOff
 .text.VerifyRfFreq
                0x0000000008016d04       0x3c obj/RegionAU915.o
 .text.RegionAU915GetPhyParam
                0x0000000008016d40      0x164 obj/RegionAU915.o
                0x0000000008016d40                RegionAU915GetPhyParam
 .text.RegionAU915SetBandTxDone
                0x0000000008016ea4       0x24 obj/RegionAU915.o
                0x0000000008016ea4                RegionAU915SetBandTxDone
 .text.RegionAU915InitDefaults
                0x0000000008016ec8       0xf0 obj/RegionAU915.o
                0x0000000008016ec8                RegionAU915InitDefaults
 .text.RegionAU915GetNvmCtx
                0x0000000008016fb8       0x10 obj/RegionAU915.o
                0x0000000008016fb8                RegionAU915GetNvmCtx
 .text.RegionAU915Verify
                0x0000000008016fc8       0x5a obj/RegionAU915.o
                0x0000000008016fc8                RegionAU915Verify
 *fill*         0x0000000008017022        0x2 
 .text.RegionAU915ApplyCFList
                0x0000000008017024       0x50 obj/RegionAU915.o
                0x0000000008017024                RegionAU915ApplyCFList
 .text.RegionAU915ChanMaskSet
                0x0000000008017074       0x60 obj/RegionAU915.o
                0x0000000008017074                RegionAU915ChanMaskSet
 .text.RegionAU915ComputeRxWindowParameters
                0x00000000080170d4       0x78 obj/RegionAU915.o
                0x00000000080170d4                RegionAU915ComputeRxWindowParameters
 .text.RegionAU915RxConfig
                0x000000000801714c       0xac obj/RegionAU915.o
                0x000000000801714c                RegionAU915RxConfig
 .text.RegionAU915TxConfig
                0x00000000080171f8       0xdc obj/RegionAU915.o
                0x00000000080171f8                RegionAU915TxConfig
 .text.RegionAU915LinkAdrReq
                0x00000000080172d4      0x1cc obj/RegionAU915.o
                0x00000000080172d4                RegionAU915LinkAdrReq
 .text.RegionAU915RxParamSetupReq
                0x00000000080174a0       0x4e obj/RegionAU915.o
                0x00000000080174a0                RegionAU915RxParamSetupReq
 .text.RegionAU915NewChannelReq
                0x00000000080174ee        0x4 obj/RegionAU915.o
                0x00000000080174ee                RegionAU915NewChannelReq
 .text.RegionAU915TxParamSetupReq
                0x00000000080174f2        0x4 obj/RegionAU915.o
                0x00000000080174f2                RegionAU915TxParamSetupReq
 .text.RegionAU915DlChannelReq
                0x00000000080174f6        0x4 obj/RegionAU915.o
                0x00000000080174f6                RegionAU915DlChannelReq
 *fill*         0x00000000080174fa        0x2 
 .text.RegionAU915AlternateDr
                0x00000000080174fc       0x24 obj/RegionAU915.o
                0x00000000080174fc                RegionAU915AlternateDr
 .text.RegionAU915CalcBackOff
                0x0000000008017520       0x34 obj/RegionAU915.o
                0x0000000008017520                RegionAU915CalcBackOff
 .text.RegionAU915NextChannel
                0x0000000008017554      0x140 obj/RegionAU915.o
                0x0000000008017554                RegionAU915NextChannel
 .text.RegionAU915SetContinuousWave
                0x0000000008017694       0x4c obj/RegionAU915.o
                0x0000000008017694                RegionAU915SetContinuousWave
 .text.RegionAU915ApplyDrOffset
                0x00000000080176e0       0x1c obj/RegionAU915.o
                0x00000000080176e0                RegionAU915ApplyDrOffset
 .text.xor_block
                0x00000000080176fc       0x82 obj/aes.o
 .text.copy_and_key
                0x000000000801777e       0x84 obj/aes.o
 *fill*         0x0000000008017802        0x2 
 .text.aes_set_key
                0x0000000008017804      0x10c obj/aes.o
                0x0000000008017804                aes_set_key
 .text.aes_encrypt
                0x0000000008017910      0x28c obj/aes.o
                0x0000000008017910                aes_encrypt
 .text.AES_CMAC_Init
                0x0000000008017b9c       0x20 obj/cmac.o
                0x0000000008017b9c                AES_CMAC_Init
 .text.AES_CMAC_SetKey
                0x0000000008017bbc        0xe obj/cmac.o
                0x0000000008017bbc                AES_CMAC_SetKey
 .text.AES_CMAC_Update
                0x0000000008017bca       0xc8 obj/cmac.o
                0x0000000008017bca                AES_CMAC_Update
 .text.AES_CMAC_Final
                0x0000000008017c92      0x158 obj/cmac.o
                0x0000000008017c92                AES_CMAC_Final
 .text.DummyCB  0x0000000008017dea        0x2 obj/soft-se.o
 .text.GetKeyByID
                0x0000000008017dec       0x34 obj/soft-se.o
                0x0000000008017dec                GetKeyByID
 .text.ComputeCmac
                0x0000000008017e20       0x68 obj/soft-se.o
 .text.SecureElementInit
                0x0000000008017e88      0x130 obj/soft-se.o
                0x0000000008017e88                SecureElementInit
 .text.SecureElementRestoreNvmCtx
                0x0000000008017fb8       0x1c obj/soft-se.o
                0x0000000008017fb8                SecureElementRestoreNvmCtx
 .text.SecureElementGetNvmCtx
                0x0000000008017fd4       0x10 obj/soft-se.o
                0x0000000008017fd4                SecureElementGetNvmCtx
 .text.SecureElementComputeAesCmac
                0x0000000008017fe4       0x16 obj/soft-se.o
                0x0000000008017fe4                SecureElementComputeAesCmac
 .text.SecureElementVerifyAesCmac
                0x0000000008017ffa       0x30 obj/soft-se.o
                0x0000000008017ffa                SecureElementVerifyAesCmac
 *fill*         0x000000000801802a        0x2 
 .text.SecureElementAesEncrypt
                0x000000000801802c       0x6c obj/soft-se.o
                0x000000000801802c                SecureElementAesEncrypt
 .text.SecureElementSetKey.part.0
                0x0000000008018098       0x94 obj/soft-se.o
 .text.SecureElementSetKey
                0x000000000801812c       0x12 obj/soft-se.o
                0x000000000801812c                SecureElementSetKey
 .text.SecureElementDeriveAndStoreKey
                0x000000000801813e       0x52 obj/soft-se.o
                0x000000000801813e                SecureElementDeriveAndStoreKey
 .text.SecureElementRandomNumber
                0x0000000008018190       0x1c obj/soft-se.o
                0x0000000008018190                SecureElementRandomNumber
 .text.SecureElementSetDevEui
                0x00000000080181ac       0x24 obj/soft-se.o
                0x00000000080181ac                SecureElementSetDevEui
 .text.SecureElementGetDevEui
                0x00000000080181d0        0x8 obj/soft-se.o
                0x00000000080181d0                SecureElementGetDevEui
 .text.SecureElementSetJoinEui
                0x00000000080181d8       0x24 obj/soft-se.o
                0x00000000080181d8                SecureElementSetJoinEui
 .text.SecureElementGetJoinEui
                0x00000000080181fc        0x8 obj/soft-se.o
                0x00000000080181fc                SecureElementGetJoinEui
 .text.LPM_SetOffMode
                0x0000000008018204       0x2c obj/low_power_manager.o
                0x0000000008018204                LPM_SetOffMode
 .text.LPM_SetStopMode
                0x0000000008018230       0x2c obj/low_power_manager.o
                0x0000000008018230                LPM_SetStopMode
 .text.LPM_GetMode
                0x000000000801825c       0x28 obj/low_power_manager.o
                0x000000000801825c                LPM_GetMode
 .text.LPM_ExitSleepMode
                0x0000000008018284        0x2 obj/low_power_manager.o
                0x0000000008018284                LPM_ExitSleepMode
 .text.LPM_EnterOffMode
                0x0000000008018286        0x2 obj/low_power_manager.o